Archive member included to satisfy reference by file (symbol)

/usr/local/Cellar/arm-gcc-bin@10/10.3-2021.10_1/arm-none-eabi/lib/thumb/v7e-m+fp/hard/libc.a(lib_a-memcpy.o)
                              build/fs/flashfs.o (memcpy)
/usr/local/Cellar/arm-gcc-bin@10/10.3-2021.10_1/arm-none-eabi/lib/thumb/v7e-m+fp/hard/libc.a(lib_a-memset.o)
                              build/kernel/scheduler.o (memset)
/usr/local/Cellar/arm-gcc-bin@10/10.3-2021.10_1/arm-none-eabi/lib/thumb/v7e-m+fp/hard/libc.a(lib_a-snprintf.o)
                              build/shell/shell.o (snprintf)
/usr/local/Cellar/arm-gcc-bin@10/10.3-2021.10_1/arm-none-eabi/lib/thumb/v7e-m+fp/hard/libc.a(lib_a-strcmp.o)
                              build/shell/commands.o (strcmp)
/usr/local/Cellar/arm-gcc-bin@10/10.3-2021.10_1/arm-none-eabi/lib/thumb/v7e-m+fp/hard/libc.a(lib_a-strlen.o)
                              build/shell/shell.o (strlen)
/usr/local/Cellar/arm-gcc-bin@10/10.3-2021.10_1/arm-none-eabi/lib/thumb/v7e-m+fp/hard/libc.a(lib_a-strncmp.o)
                              build/fs/flashfs.o (strncmp)
/usr/local/Cellar/arm-gcc-bin@10/10.3-2021.10_1/arm-none-eabi/lib/thumb/v7e-m+fp/hard/libc.a(lib_a-strncpy.o)
                              build/fs/flashfs.o (strncpy)
/usr/local/Cellar/arm-gcc-bin@10/10.3-2021.10_1/arm-none-eabi/lib/thumb/v7e-m+fp/hard/libc.a(lib_a-svfprintf.o)
                              /usr/local/Cellar/arm-gcc-bin@10/10.3-2021.10_1/arm-none-eabi/lib/thumb/v7e-m+fp/hard/libc.a(lib_a-snprintf.o) (_svfprintf_r)
/usr/local/Cellar/arm-gcc-bin@10/10.3-2021.10_1/arm-none-eabi/lib/thumb/v7e-m+fp/hard/libc.a(lib_a-vsnprintf.o)
                              build/shell/shell.o (vsnprintf)
/usr/local/Cellar/arm-gcc-bin@10/10.3-2021.10_1/arm-none-eabi/lib/thumb/v7e-m+fp/hard/libc.a(lib_a-dtoa.o)
                              /usr/local/Cellar/arm-gcc-bin@10/10.3-2021.10_1/arm-none-eabi/lib/thumb/v7e-m+fp/hard/libc.a(lib_a-svfprintf.o) (_dtoa_r)
/usr/local/Cellar/arm-gcc-bin@10/10.3-2021.10_1/arm-none-eabi/lib/thumb/v7e-m+fp/hard/libc.a(lib_a-freer.o)
                              /usr/local/Cellar/arm-gcc-bin@10/10.3-2021.10_1/arm-none-eabi/lib/thumb/v7e-m+fp/hard/libc.a(lib_a-svfprintf.o) (_free_r)
/usr/local/Cellar/arm-gcc-bin@10/10.3-2021.10_1/arm-none-eabi/lib/thumb/v7e-m+fp/hard/libc.a(lib_a-impure.o)
                              /usr/local/Cellar/arm-gcc-bin@10/10.3-2021.10_1/arm-none-eabi/lib/thumb/v7e-m+fp/hard/libc.a(lib_a-snprintf.o) (_impure_ptr)
/usr/local/Cellar/arm-gcc-bin@10/10.3-2021.10_1/arm-none-eabi/lib/thumb/v7e-m+fp/hard/libc.a(lib_a-localeconv.o)
                              /usr/local/Cellar/arm-gcc-bin@10/10.3-2021.10_1/arm-none-eabi/lib/thumb/v7e-m+fp/hard/libc.a(lib_a-svfprintf.o) (_localeconv_r)
/usr/local/Cellar/arm-gcc-bin@10/10.3-2021.10_1/arm-none-eabi/lib/thumb/v7e-m+fp/hard/libc.a(lib_a-mallocr.o)
                              /usr/local/Cellar/arm-gcc-bin@10/10.3-2021.10_1/arm-none-eabi/lib/thumb/v7e-m+fp/hard/libc.a(lib_a-svfprintf.o) (_malloc_r)
/usr/local/Cellar/arm-gcc-bin@10/10.3-2021.10_1/arm-none-eabi/lib/thumb/v7e-m+fp/hard/libc.a(lib_a-memchr.o)
                              /usr/local/Cellar/arm-gcc-bin@10/10.3-2021.10_1/arm-none-eabi/lib/thumb/v7e-m+fp/hard/libc.a(lib_a-svfprintf.o) (memchr)
/usr/local/Cellar/arm-gcc-bin@10/10.3-2021.10_1/arm-none-eabi/lib/thumb/v7e-m+fp/hard/libc.a(lib_a-mlock.o)
                              /usr/local/Cellar/arm-gcc-bin@10/10.3-2021.10_1/arm-none-eabi/lib/thumb/v7e-m+fp/hard/libc.a(lib_a-freer.o) (__malloc_lock)
/usr/local/Cellar/arm-gcc-bin@10/10.3-2021.10_1/arm-none-eabi/lib/thumb/v7e-m+fp/hard/libc.a(lib_a-mprec.o)
                              /usr/local/Cellar/arm-gcc-bin@10/10.3-2021.10_1/arm-none-eabi/lib/thumb/v7e-m+fp/hard/libc.a(lib_a-dtoa.o) (_Balloc)
/usr/local/Cellar/arm-gcc-bin@10/10.3-2021.10_1/arm-none-eabi/lib/thumb/v7e-m+fp/hard/libc.a(lib_a-s_frexp.o)
                              /usr/local/Cellar/arm-gcc-bin@10/10.3-2021.10_1/arm-none-eabi/lib/thumb/v7e-m+fp/hard/libc.a(lib_a-svfprintf.o) (frexp)
/usr/local/Cellar/arm-gcc-bin@10/10.3-2021.10_1/arm-none-eabi/lib/thumb/v7e-m+fp/hard/libc.a(lib_a-sbrkr.o)
                              /usr/local/Cellar/arm-gcc-bin@10/10.3-2021.10_1/arm-none-eabi/lib/thumb/v7e-m+fp/hard/libc.a(lib_a-freer.o) (_sbrk_r)
/usr/local/Cellar/arm-gcc-bin@10/10.3-2021.10_1/arm-none-eabi/lib/thumb/v7e-m+fp/hard/libc.a(lib_a-svfiprintf.o)
                              /usr/local/Cellar/arm-gcc-bin@10/10.3-2021.10_1/arm-none-eabi/lib/thumb/v7e-m+fp/hard/libc.a(lib_a-svfprintf.o) (__ssprint_r)
/usr/local/Cellar/arm-gcc-bin@10/10.3-2021.10_1/arm-none-eabi/lib/thumb/v7e-m+fp/hard/libc.a(lib_a-assert.o)
                              /usr/local/Cellar/arm-gcc-bin@10/10.3-2021.10_1/arm-none-eabi/lib/thumb/v7e-m+fp/hard/libc.a(lib_a-dtoa.o) (__assert_func)
/usr/local/Cellar/arm-gcc-bin@10/10.3-2021.10_1/arm-none-eabi/lib/thumb/v7e-m+fp/hard/libc.a(lib_a-callocr.o)
[...]
Memory Configuration

Name             Origin             Length             Attributes
FLASH_BOOT       0x08000000         0x00010000         xr
FLASH_KERN       0x08010000         0x00060000         xr
FLASH_FS         0x08070000         0x00010000         rw
RAM              0x20000000         0x0003e000         xrw
HEAP_RAM         0x2003e000         0x00002000         rw
DTCM             0x20040000         0x00010000         xrw
*default*        0x00000000         0xffffffff

Linker script and memory map

LOAD build/main.o
LOAD build/bootloader/boot.o
LOAD build/kernel/kernel.o
LOAD build/kernel/scheduler.o
LOAD build/kernel/memory.o
LOAD build/hal/hal.o
LOAD build/hal/display.o
LOAD build/hal/keyboard.o
LOAD build/hal/uart.o
LOAD build/hal/timer.o
LOAD build/hal/clocks.o
LOAD build/fs/flashfs.o
LOAD build/shell/shell.o
LOAD build/shell/commands.o
LOAD build/ui/filemanager.o
LOAD build/ui/font.o
LOAD build/usb/usb_cdc.o
LOAD build/micropython-port/mp_port.o
LOAD build/bootloader/startup_stm32f730.o
LOAD /usr/local/Cellar/arm-gcc-bin@10/10.3-2021.10_1/arm-none-eabi/lib/thumb/v7e-m+fp/hard/libc.a
LOAD /usr/local/Cellar/arm-gcc-bin@10/10.3-2021.10_1/arm-none-eabi/lib/thumb/v7e-m+fp/hard/libm.a
LOAD /usr/local/Cellar/arm-gcc-bin@10/10.3-2021.10_1/lib/gcc/arm-none-eabi/10.3.1/thumb/v7e-m+fp/hard/libgcc.a

.isr_vector     0x08000000      0x440
 *(.isr_vector)
 .isr_vector    0x08000000      0x440 build/bootloader/startup_stm32f730.o

.boot_text      0x08000440       0xe8
 *bootloader/*.o(.text* .rodata*)
 .text.boot_main
                0x08000440       0x80 build/bootloader/boot.o
                0x08000440                boot_main
 .text          0x080004c0       0x68 build/bootloader/startup_stm32f730.o
                0x080004c0                Reset_Handler
                0x08000504                Default_Handler

.text           0x08010000     0x9a6d
 *(.text*)
 .text.startup.main
                0x08010000      0x134 build/main.o
                0x08010000                main
 .text._close   0x08010134        0x6 build/main.o
                0x08010134                _close
 .text._fstat   0x0801013a        0xa build/main.o
                0x0801013a                _fstat
 .text._isatty  0x08010144        0x4 build/main.o
                0x08010144                _isatty
 .text._lseek   0x08010148        0x4 build/main.o
                0x08010148                _lseek
 .text._read    0x0801014c        0x4 build/main.o
                0x0801014c                _read
 .text._write   0x08010150       0x1a build/main.o
                0x08010150                _write
 *fill*         0x0801016a        0x2 
 .text._sbrk    0x0801016c       0x34 build/main.o
                0x0801016c                _sbrk
 .text._exit    0x080101a0       0x10 build/main.o
                0x080101a0                _exit
 .text._kill    0x080101b0        0x6 build/main.o
                0x080101b0                _kill
 .text._getpid  0x080101b6        0x4 build/main.o
                0x080101b6                _getpid
 *fill*         0x080101ba        0x2 
 .text.task_idle
                0x080101bc       0x10 build/kernel/kernel.o
                0x080101bc                task_idle
 .text.task_display
                0x080101cc        0xe build/kernel/kernel.o
                0x080101cc                task_display
 *fill*         0x080101da        0x2 
 .text.SysTick_Handler
                0x080101dc       0x10 build/kernel/kernel.o
                0x080101dc                SysTick_Handler
 .text.kernel_init
                0x080101ec       0x18 build/kernel/kernel.o
                0x080101ec                kernel_init
 .text.kernel_run
                0x08010204       0x64 build/kernel/kernel.o
                0x08010204                kernel_run
 .text.kernel_post_event
                0x08010268       0x30 build/kernel/kernel.o
                0x08010268                kernel_post_event
 .text.task_input
                0x08010298       0x1e build/kernel/kernel.o
                0x08010298                task_input
 *fill*         0x080102b6        0x2 
 .text.kernel_event_get
                0x080102b8       0x30 build/kernel/kernel.o
                0x080102b8                kernel_event_get
 .text.task_shell
                0x080102e8       0x34 build/kernel/kernel.o
                0x080102e8                task_shell
 .text.kernel_set_app
                0x0801031c       0x18 build/kernel/kernel.o
                0x0801031c                kernel_set_app
 .text.scheduler_init
                0x08010334       0x1c build/kernel/scheduler.o
                0x08010334                scheduler_init
 .text.scheduler_add_task
                0x08010350       0x2c build/kernel/scheduler.o
                0x08010350                scheduler_add_task
 .text.scheduler_run_next
                0x0801037c       0x78 build/kernel/scheduler.o
                0x0801037c                scheduler_run_next
 .text.scheduler_yield
                0x080103f4        0xc build/kernel/scheduler.o
                0x080103f4                scheduler_yield
 .text.scheduler_all_waiting
                0x08010400       0x28 build/kernel/scheduler.o
                0x08010400                scheduler_all_waiting
 .text.scheduler_tick
                0x08010428       0x28 build/kernel/scheduler.o
                0x08010428                scheduler_tick
 .text.mem_init
                0x08010450       0x10 build/kernel/memory.o
                0x08010450                mem_init
 .text.mem_stats
                0x08010460       0x40 build/kernel/memory.o
                0x08010460                mem_stats
 .text.hal_init
                0x080104a0       0x14 build/hal/hal.o
                0x080104a0                hal_init
 .text.hal_tick_ms
                0x080104b4        0xc build/hal/hal.o
                0x080104b4                hal_tick_ms
 .text.hal_delay_ms
                0x080104c0       0x18 build/hal/hal.o
                0x080104c0                hal_delay_ms
 .text.display_flush
                0x080104d8       0x48 build/hal/display.o
                0x080104d8                display_flush
 .text.display_init
                0x08010520       0x84 build/hal/display.o
                0x08010520                display_init
 .text.display_fill
                0x080105a4       0x14 build/hal/display.o
                0x080105a4                display_fill
 .text.display_pixel
                0x080105b8       0x24 build/hal/display.o
                0x080105b8                display_pixel
 .text.display_hline
                0x080105dc       0x2a build/hal/display.o
                0x080105dc                display_hline
 .text.display_vline
                0x08010606       0x28 build/hal/display.o
                0x08010606                display_vline
 .text.display_rect
                0x0801062e       0x46 build/hal/display.o
                0x0801062e                display_rect
 .text.display_fill_rect
                0x08010674       0x2a build/hal/display.o
                0x08010674                display_fill_rect
 .text.display_char
                0x0801069e       0x58 build/hal/display.o
                0x0801069e                display_char
 .text.display_str
                0x080106f6       0x3a build/hal/display.o
                0x080106f6                display_str
 .text.keyboard_init
                0x08010730       0xa4 build/hal/keyboard.o
                0x08010730                keyboard_init
 .text.keyboard_poll
                0x080107d4      0x128 build/hal/keyboard.o
                0x080107d4                keyboard_poll
 .text.keyboard_is_pressed
                0x080108fc       0x38 build/hal/keyboard.o
                0x080108fc                keyboard_is_pressed
 .text.key_to_char
                0x08010934       0x6e build/hal/keyboard.o
                0x08010934                key_to_char
 *fill*         0x080109a2        0x2 
 .text.hal_uart_init
                0x080109a4       0x58 build/hal/uart.o
                0x080109a4                hal_uart_init
 .text.hal_uart_putc
                0x080109fc       0x20 build/hal/uart.o
                0x080109fc                hal_uart_putc
 .text.hal_uart_puts
                0x08010a1c       0x12 build/hal/uart.o
                0x08010a1c                hal_uart_puts
 *fill*         0x08010a2e        0x2 
 .text.hal_uart_getc
                0x08010a30       0x2c build/hal/uart.o
                0x08010a30                hal_uart_getc
 .text.hal_timer_init
                0x08010a5c       0x34 build/hal/timer.o
                0x08010a5c                hal_timer_init
 .text.flash_lock
                0x08010a90       0x10 build/fs/flashfs.o
 .text.flash_wait
                0x08010aa0       0x10 build/fs/flashfs.o
 .text.find_entry
                0x08010ab0       0x48 build/fs/flashfs.o
 .text.flash_unlock
                0x08010af8       0x1c build/fs/flashfs.o
 .text.flash_write_bytes
                0x08010b14       0x70 build/fs/flashfs.o
 .text.flashfs_format
                0x08010b84       0x94 build/fs/flashfs.o
                0x08010b84                flashfs_format
 .text.flashfs_init
                0x08010c18       0x68 build/fs/flashfs.o
                0x08010c18                flashfs_init
 .text.flashfs_open_read
                0x08010c80       0x28 build/fs/flashfs.o
                0x08010c80                flashfs_open_read
 .text.flashfs_read
                0x08010ca8       0x24 build/fs/flashfs.o
                0x08010ca8                flashfs_read
 .text.flashfs_write
                0x08010ccc       0xe8 build/fs/flashfs.o
                0x08010ccc                flashfs_write
 .text.flashfs_delete
                0x08010db4       0x44 build/fs/flashfs.o
                0x08010db4                flashfs_delete
 .text.flashfs_exists
                0x08010df8        0xe build/fs/flashfs.o
                0x08010df8                flashfs_exists
 *fill*         0x08010e06        0x2 
 .text.flashfs_ls
                0x08010e08       0x3c build/fs/flashfs.o
                0x08010e08                flashfs_ls
 .text.flashfs_stats
                0x08010e44       0x28 build/fs/flashfs.o
                0x08010e44                flashfs_stats
 .text.draw_output
                0x08010e6c       0x74 build/shell/shell.o
 .text.draw_input
                0x08010ee0       0x70 build/shell/shell.o
 .text.shell_redraw
                0x08010f50       0x48 build/shell/shell.o
                0x08010f50                shell_redraw
 .text.shell_puts
                0x08010f98       0xa0 build/shell/shell.o
                0x08010f98                shell_puts
 .text.shell_putc
                0x08011038       0x16 build/shell/shell.o
                0x08011038                shell_putc
 .text.shell_print
                0x0801104e       0x26 build/shell/shell.o
                0x0801104e                shell_print
 .text.execute  0x08011074       0x98 build/shell/shell.o
 .text.shell_handle_event
                0x0801110c      0x170 build/shell/shell.o
                0x0801110c                shell_handle_event
 .text.shell_init
                0x0801127c       0x50 build/shell/shell.o
                0x0801127c                shell_init
 .text.cmd_reboot
                0x080112cc       0x10 build/shell/commands.o
 .text.ls_cb    0x080112dc       0x10 build/shell/commands.o
 .text.cmd_fm   0x080112ec        0x6 build/shell/commands.o
 *fill*         0x080112f2        0x2 
 .text.cmd_mem  0x080112f4       0x34 build/shell/commands.o
 .text.cmd_help
                0x08011328       0x74 build/shell/commands.o
 .text.cmd_run_script
                0x0801139c       0x80 build/shell/commands.o
 .text.cmd_echo
                0x0801141c       0x38 build/shell/commands.o
 .text.cmd_cat  0x08011454       0x74 build/shell/commands.o
 .text.cmd_ls   0x080114c8       0x38 build/shell/commands.o
 .text.cmd_rm   0x08011500       0x44 build/shell/commands.o
 .text.cmd_touch
                0x08011544       0x4c build/shell/commands.o
 .text.cmd_run  0x08011590       0xa0 build/shell/commands.o
                0x08011590                cmd_run
 .text.list_cb  0x08011630       0x30 build/ui/filemanager.o
 .text.draw_header
                0x08011660       0x50 build/ui/filemanager.o
 .text.draw_row
                0x080116b0       0x80 build/ui/filemanager.o
 .text.fm_redraw
                0x08011730       0x74 build/ui/filemanager.o
                0x08011730                fm_redraw
 .text.fm_handle_event
                0x080117a4      0x12c build/ui/filemanager.o
                0x080117a4                fm_handle_event
 .text.fm_init  0x080118d0       0x14 build/ui/filemanager.o
                0x080118d0                fm_init
 .text.font_get_char
                0x080118e4       0x18 build/ui/font.o
                0x080118e4                font_get_char
 .text.usb_cdc_init
                0x080118fc       0x4c build/usb/usb_cdc.o
                0x080118fc                usb_cdc_init
 .text.usb_cdc_write
                0x08011948       0x30 build/usb/usb_cdc.o
                0x08011948                usb_cdc_write
 .text.usb_cdc_available
                0x08011978       0x10 build/usb/usb_cdc.o
                0x08011978                usb_cdc_available
 .text.usb_cdc_read
                0x08011988       0x30 build/usb/usb_cdc.o
                0x08011988                usb_cdc_read
 .text.usb_cdc_process
                0x080119b8      0x104 build/usb/usb_cdc.o
                0x080119b8                usb_cdc_process
 .text.mp_exec_str
                0x08011abc       0x14 build/micropython-port/mp_port.o
                0x08011abc                mp_exec_str
 .text          0x08011ad0      0x134 /usr/local/Cellar/arm-gcc-bin@10/10.3-2021.10_1/arm-none-eabi/lib/thumb/v7e-m+fp/hard/libc.a(lib_a-memcpy.o)
                0x08011ad0                memcpy
 .text.memset   0x08011c04       0xa4 /usr/local/Cellar/arm-gcc-bin@10/10.3-2021.10_1/arm-none-eabi/lib/thumb/v7e-m+fp/hard/libc.a(lib_a-memset.o)
                0x08011c04                memset
 .text.snprintf
                0x08011ca8       0x88 /usr/local/Cellar/arm-gcc-bin@10/10.3-2021.10_1/arm-none-eabi/lib/thumb/v7e-m+fp/hard/libc.a(lib_a-snprintf.o)
                0x08011ca8                snprintf
 *fill*         0x08011d30       0x10 
 .text          0x08011d40      0x2dc /usr/local/Cellar/arm-gcc-bin@10/10.3-2021.10_1/arm-none-eabi/lib/thumb/v7e-m+fp/hard/libc.a(lib_a-strcmp.o)
                0x08011d48                strcmp
 *fill*         0x0801201c       0x24 
 .text          0x08012040       0xdc /usr/local/Cellar/arm-gcc-bin@10/10.3-2021.10_1/arm-none-eabi/lib/thumb/v7e-m+fp/hard/libc.a(lib_a-strlen.o)
                0x08012040                strlen
 .text.strncmp  0x0801211c       0x80 /usr/local/Cellar/arm-gcc-bin@10/10.3-2021.10_1/arm-none-eabi/lib/thumb/v7e-m+fp/hard/libc.a(lib_a-strncmp.o)
                0x0801211c                strncmp
 .text.strncpy  0x0801219c       0x64 /usr/local/Cellar/arm-gcc-bin@10/10.3-2021.10_1/arm-none-eabi/lib/thumb/v7e-m+fp/hard/libc.a(lib_a-strncpy.o)
                0x0801219c                strncpy
 .text._svfprintf_r
                0x08012200     0x1acc /usr/local/Cellar/arm-gcc-bin@10/10.3-2021.10_1/arm-none-eabi/lib/thumb/v7e-m+fp/hard/libc.a(lib_a-svfprintf.o)
                0x08012200                _svfprintf_r
 .text.vsnprintf
                0x08013ccc       0x70 /usr/local/Cellar/arm-gcc-bin@10/10.3-2021.10_1/arm-none-eabi/lib/thumb/v7e-m+fp/hard/libc.a(lib_a-vsnprintf.o)
                0x08013ccc                vsnprintf
 .text.quorem   0x08013d3c      0x128 /usr/local/Cellar/arm-gcc-bin@10/10.3-2021.10_1/arm-none-eabi/lib/thumb/v7e-m+fp/hard/libc.a(lib_a-dtoa.o)
 *fill*         0x08013e64        0x4 
 .text._dtoa_r  0x08013e68      0xf3c /usr/local/Cellar/arm-gcc-bin@10/10.3-2021.10_1/arm-none-eabi/lib/thumb/v7e-m+fp/hard/libc.a(lib_a-dtoa.o)
                0x08013e68                _dtoa_r
 .text._malloc_trim_r
                0x08014da4       0xa0 /usr/local/Cellar/arm-gcc-bin@10/10.3-2021.10_1/arm-none-eabi/lib/thumb/v7e-m+fp/hard/libc.a(lib_a-freer.o)
                0x08014da4                _malloc_trim_r
 .text._free_r  0x08014e44      0x20c /usr/local/Cellar/arm-gcc-bin@10/10.3-2021.10_1/arm-none-eabi/lib/thumb/v7e-m+fp/hard/libc.a(lib_a-freer.o)
                0x08014e44                _free_r
 .text._localeconv_r
                0x08015050        0x8 /usr/local/Cellar/arm-gcc-bin@10/10.3-2021.10_1/arm-none-eabi/lib/thumb/v7e-m+fp/hard/libc.a(lib_a-localeconv.o)
                0x08015050                _localeconv_r
 .text._malloc_r
                0x08015058      0x560 /usr/local/Cellar/arm-gcc-bin@10/10.3-2021.10_1/arm-none-eabi/lib/thumb/v7e-m+fp/hard/libc.a(lib_a-mallocr.o)
                0x08015058                _malloc_r
 *fill*         0x080155b8        0x8 
 .text          0x080155c0       0xa0 /usr/local/Cellar/arm-gcc-bin@10/10.3-2021.10_1/arm-none-eabi/lib/thumb/v7e-m+fp/hard/libc.a(lib_a-memchr.o)
                0x080155c0                memchr
 .text.__malloc_lock
                0x08015660        0xc /usr/local/Cellar/arm-gcc-bin@10/10.3-2021.10_1/arm-none-eabi/lib/thumb/v7e-m+fp/hard/libc.a(lib_a-mlock.o)
                0x08015660                __malloc_lock
 .text.__malloc_unlock
                0x0801566c        0xc /usr/local/Cellar/arm-gcc-bin@10/10.3-2021.10_1/arm-none-eabi/lib/thumb/v7e-m+fp/hard/libc.a(lib_a-mlock.o)
                0x0801566c                __malloc_unlock
 .text._Balloc  0x08015678       0x4c /usr/local/Cellar/arm-gcc-bin@10/10.3-2021.10_1/arm-none-eabi/lib/thumb/v7e-m+fp/hard/libc.a(lib_a-mprec.o)
                0x08015678                _Balloc
 .text._Bfree   0x080156c4       0x14 /usr/local/Cellar/arm-gcc-bin@10/10.3-2021.10_1/arm-none-eabi/lib/thumb/v7e-m+fp/hard/libc.a(lib_a-mprec.o)
                0x080156c4                _Bfree
 .text.__multadd
                0x080156d8       0xa8 /usr/local/Cellar/arm-gcc-bin@10/10.3-2021.10_1/arm-none-eabi/lib/thumb/v7e-m+fp/hard/libc.a(lib_a-mprec.o)
                0x080156d8                __multadd
 .text.__hi0bits
                0x08015780       0x40 /usr/local/Cellar/arm-gcc-bin@10/10.3-2021.10_1/arm-none-eabi/lib/thumb/v7e-m+fp/hard/libc.a(lib_a-mprec.o)
                0x08015780                __hi0bits
 .text.__lo0bits
                0x080157c0       0x60 /usr/local/Cellar/arm-gcc-bin@10/10.3-2021.10_1/arm-none-eabi/lib/thumb/v7e-m+fp/hard/libc.a(lib_a-mprec.o)
                0x080157c0                __lo0bits
 .text.__i2b    0x08015820       0x5c /usr/local/Cellar/arm-gcc-bin@10/10.3-2021.10_1/arm-none-eabi/lib/thumb/v7e-m+fp/hard/libc.a(lib_a-mprec.o)
                0x08015820                __i2b
 .text.__multiply
                0x0801587c      0x15c /usr/local/Cellar/arm-gcc-bin@10/10.3-2021.10_1/arm-none-eabi/lib/thumb/v7e-m+fp/hard/libc.a(lib_a-mprec.o)
                0x0801587c                __multiply
 .text.__pow5mult
                0x080159d8       0xc0 /usr/local/Cellar/arm-gcc-bin@10/10.3-2021.10_1/arm-none-eabi/lib/thumb/v7e-m+fp/hard/libc.a(lib_a-mprec.o)
                0x080159d8                __pow5mult
 .text.__lshift
                0x08015a98       0xf0 /usr/local/Cellar/arm-gcc-bin@10/10.3-2021.10_1/arm-none-eabi/lib/thumb/v7e-m+fp/hard/libc.a(lib_a-mprec.o)
                0x08015a98                __lshift
 .text.__mcmp   0x08015b88       0x44 /usr/local/Cellar/arm-gcc-bin@10/10.3-2021.10_1/arm-none-eabi/lib/thumb/v7e-m+fp/hard/libc.a(lib_a-mprec.o)
                0x08015b88                __mcmp
 .text.__mdiff  0x08015bcc      0x14c /usr/local/Cellar/arm-gcc-bin@10/10.3-2021.10_1/arm-none-eabi/lib/thumb/v7e-m+fp/hard/libc.a(lib_a-mprec.o)
                0x08015bcc                __mdiff
 .text.__d2b    0x08015d18       0xd0 /usr/local/Cellar/arm-gcc-bin@10/10.3-2021.10_1/arm-none-eabi/lib/thumb/v7e-m+fp/hard/libc.a(lib_a-mprec.o)
                0x08015d18                __d2b
 .text.frexp    0x08015de8       0x6c /usr/local/Cellar/arm-gcc-bin@10/10.3-2021.10_1/arm-none-eabi/lib/thumb/v7e-m+fp/hard/libc.a(lib_a-s_frexp.o)
                0x08015de8                frexp
 .text._sbrk_r  0x08015e54       0x24 /usr/local/Cellar/arm-gcc-bin@10/10.3-2021.10_1/arm-none-eabi/lib/thumb/v7e-m+fp/hard/libc.a(lib_a-sbrkr.o)
                0x08015e54                _sbrk_r
 .text.__ssprint_r
                0x08015e78       0xf8 /usr/local/Cellar/arm-gcc-bin@10/10.3-2021.10_1/arm-none-eabi/lib/thumb/v7e-m+fp/hard/libc.a(lib_a-svfiprintf.o)
                0x08015e78                __ssprint_r
 .text.__assert_func
                0x08015f70       0x40 /usr/local/Cellar/arm-gcc-bin@10/10.3-2021.10_1/arm-none-eabi/lib/thumb/v7e-m+fp/hard/libc.a(lib_a-assert.o)
                0x08015f70                __assert_func
 .text._calloc_r
                0x08015fb0       0x78 /usr/local/Cellar/arm-gcc-bin@10/10.3-2021.10_1/arm-none-eabi/lib/thumb/v7e-m+fp/hard/libc.a(lib_a-callocr.o)
                0x08015fb0                _calloc_r
 .text.__errno  0x08016028        0xc /usr/local/Cellar/arm-gcc-bin@10/10.3-2021.10_1/arm-none-eabi/lib/thumb/v7e-m+fp/hard/libc.a(lib_a-errno.o)
                0x08016028                __errno
 .text.fiprintf
                0x08016034       0x28 /usr/local/Cellar/arm-gcc-bin@10/10.3-2021.10_1/arm-none-eabi/lib/thumb/v7e-m+fp/hard/libc.a(lib_a-fiprintf.o)
                0x08016034                fiprintf
 .text.__locale_mb_cur_max
                0x0801605c        0xc /usr/local/Cellar/arm-gcc-bin@10/10.3-2021.10_1/arm-none-eabi/lib/thumb/v7e-m+fp/hard/libc.a(lib_a-locale.o)
                0x0801605c                __locale_mb_cur_max
 .text.__retarget_lock_init_recursive
                0x08016068        0x4 /usr/local/Cellar/arm-gcc-bin@10/10.3-2021.10_1/arm-none-eabi/lib/thumb/v7e-m+fp/hard/libc.a(lib_a-lock.o)
                0x08016068                __retarget_lock_init_recursive
 .text.__retarget_lock_close_recursive
                0x0801606c        0x4 /usr/local/Cellar/arm-gcc-bin@10/10.3-2021.10_1/arm-none-eabi/lib/thumb/v7e-m+fp/hard/libc.a(lib_a-lock.o)
                0x0801606c                __retarget_lock_close_recursive
 .text.__retarget_lock_acquire_recursive
                0x08016070        0x4 /usr/local/Cellar/arm-gcc-bin@10/10.3-2021.10_1/arm-none-eabi/lib/thumb/v7e-m+fp/hard/libc.a(lib_a-lock.o)
                0x08016070                __retarget_lock_acquire_recursive
 .text.__retarget_lock_release_recursive
                0x08016074        0x4 /usr/local/Cellar/arm-gcc-bin@10/10.3-2021.10_1/arm-none-eabi/lib/thumb/v7e-m+fp/hard/libc.a(lib_a-lock.o)
                0x08016074                __retarget_lock_release_recursive
 .text.__ascii_mbtowc
                0x08016078       0x2c /usr/local/Cellar/arm-gcc-bin@10/10.3-2021.10_1/arm-none-eabi/lib/thumb/v7e-m+fp/hard/libc.a(lib_a-mbtowc_r.o)
                0x08016078                __ascii_mbtowc
 .text.memmove  0x080160a4       0xf8 /usr/local/Cellar/arm-gcc-bin@10/10.3-2021.10_1/arm-none-eabi/lib/thumb/v7e-m+fp/hard/libc.a(lib_a-memmove.o)
                0x080160a4                memmove
 .text._realloc_r
                0x0801619c      0x3d8 /usr/local/Cellar/arm-gcc-bin@10/10.3-2021.10_1/arm-none-eabi/lib/thumb/v7e-m+fp/hard/libc.a(lib_a-reallocr.o)
                0x0801619c                _realloc_r
 .text.__sprint_r.part.0
                0x08016574       0x78 /usr/local/Cellar/arm-gcc-bin@10/10.3-2021.10_1/arm-none-eabi/lib/thumb/v7e-m+fp/hard/libc.a(lib_a-vfiprintf.o)
 .text._vfiprintf_r
                0x080165ec      0xdfc /usr/local/Cellar/arm-gcc-bin@10/10.3-2021.10_1/arm-none-eabi/lib/thumb/v7e-m+fp/hard/libc.a(lib_a-vfiprintf.o)
                0x080165ec                _vfiprintf_r
 .text.__sbprintf
                0x080173e8       0x80 /usr/local/Cellar/arm-gcc-bin@10/10.3-2021.10_1/arm-none-eabi/lib/thumb/v7e-m+fp/hard/libc.a(lib_a-vfiprintf.o)
 .text.__ascii_wctomb
                0x08017468       0x1c /usr/local/Cellar/arm-gcc-bin@10/10.3-2021.10_1/arm-none-eabi/lib/thumb/v7e-m+fp/hard/libc.a(lib_a-wctomb_r.o)
                0x08017468                __ascii_wctomb
 .text.__swsetup_r
                0x08017484       0xd4 /usr/local/Cellar/arm-gcc-bin@10/10.3-2021.10_1/arm-none-eabi/lib/thumb/v7e-m+fp/hard/libc.a(lib_a-wsetup.o)
                0x08017484                __swsetup_r
 .text.abort    0x08017558       0x10 /usr/local/Cellar/arm-gcc-bin@10/10.3-2021.10_1/arm-none-eabi/lib/thumb/v7e-m+fp/hard/libc.a(lib_a-abort.o)
                0x08017558                abort
 .text.__sflush_r
                0x08017568      0x130 /usr/local/Cellar/arm-gcc-bin@10/10.3-2021.10_1/arm-none-eabi/lib/thumb/v7e-m+fp/hard/libc.a(lib_a-fflush.o)
                0x08017568                __sflush_r
 .text._fflush_r
                0x08017698       0x5c /usr/local/Cellar/arm-gcc-bin@10/10.3-2021.10_1/arm-none-eabi/lib/thumb/v7e-m+fp/hard/libc.a(lib_a-fflush.o)
                0x08017698                _fflush_r
 .text._cleanup_r
                0x080176f4        0xc /usr/local/Cellar/arm-gcc-bin@10/10.3-2021.10_1/arm-none-eabi/lib/thumb/v7e-m+fp/hard/libc.a(lib_a-findfp.o)
                0x080176f4                _cleanup_r
 .text.__sinit  0x08017700      0x10c /usr/local/Cellar/arm-gcc-bin@10/10.3-2021.10_1/arm-none-eabi/lib/thumb/v7e-m+fp/hard/libc.a(lib_a-findfp.o)
                0x08017700                __sinit
 .text.__sfp_lock_acquire
                0x0801780c        0xc /usr/local/Cellar/arm-gcc-bin@10/10.3-2021.10_1/arm-none-eabi/lib/thumb/v7e-m+fp/hard/libc.a(lib_a-findfp.o)
                0x0801780c                __sfp_lock_acquire
 .text.__sfp_lock_release
                0x08017818        0xc /usr/local/Cellar/arm-gcc-bin@10/10.3-2021.10_1/arm-none-eabi/lib/thumb/v7e-m+fp/hard/libc.a(lib_a-findfp.o)
                0x08017818                __sfp_lock_release
 .text.__fputwc
                0x08017824       0xa8 /usr/local/Cellar/arm-gcc-bin@10/10.3-2021.10_1/arm-none-eabi/lib/thumb/v7e-m+fp/hard/libc.a(lib_a-fputwc.o)
                0x08017824                __fputwc
 .text._fputwc_r
                0x080178cc       0x68 /usr/local/Cellar/arm-gcc-bin@10/10.3-2021.10_1/arm-none-eabi/lib/thumb/v7e-m+fp/hard/libc.a(lib_a-fputwc.o)
                0x080178cc                _fputwc_r
 .text.__sfvwrite_r
                0x08017934      0x2f0 /usr/local/Cellar/arm-gcc-bin@10/10.3-2021.10_1/arm-none-eabi/lib/thumb/v7e-m+fp/hard/libc.a(lib_a-fvwrite.o)
                0x08017934                __sfvwrite_r
 .text._fwalk_reent
                0x08017c24       0x48 /usr/local/Cellar/arm-gcc-bin@10/10.3-2021.10_1/arm-none-eabi/lib/thumb/v7e-m+fp/hard/libc.a(lib_a-fwalk.o)
                0x08017c24                _fwalk_reent
 .text.__smakebuf_r
                0x08017c6c       0xe0 /usr/local/Cellar/arm-gcc-bin@10/10.3-2021.10_1/arm-none-eabi/lib/thumb/v7e-m+fp/hard/libc.a(lib_a-makebuf.o)
                0x08017c6c                __smakebuf_r
 .text.raise    0x08017d4c       0x5c /usr/local/Cellar/arm-gcc-bin@10/10.3-2021.10_1/arm-none-eabi/lib/thumb/v7e-m+fp/hard/libc.a(lib_a-signal.o)
                0x08017d4c                raise
 .text._kill_r  0x08017da8       0x2c /usr/local/Cellar/arm-gcc-bin@10/10.3-2021.10_1/arm-none-eabi/lib/thumb/v7e-m+fp/hard/libc.a(lib_a-signalr.o)
                0x08017da8                _kill_r
 .text._getpid_r
                0x08017dd4        0x4 /usr/local/Cellar/arm-gcc-bin@10/10.3-2021.10_1/arm-none-eabi/lib/thumb/v7e-m+fp/hard/libc.a(lib_a-signalr.o)
                0x08017dd4                _getpid_r
 .text.__sread  0x08017dd8       0x24 /usr/local/Cellar/arm-gcc-bin@10/10.3-2021.10_1/arm-none-eabi/lib/thumb/v7e-m+fp/hard/libc.a(lib_a-stdio.o)
                0x08017dd8                __sread
 .text.__swrite
                0x08017dfc       0x40 /usr/local/Cellar/arm-gcc-bin@10/10.3-2021.10_1/arm-none-eabi/lib/thumb/v7e-m+fp/hard/libc.a(lib_a-stdio.o)
                0x08017dfc                __swrite
 .text.__sseek  0x08017e3c       0x20 /usr/local/Cellar/arm-gcc-bin@10/10.3-2021.10_1/arm-none-eabi/lib/thumb/v7e-m+fp/hard/libc.a(lib_a-stdio.o)
                0x08017e3c                __sseek
 .text.__sclose
                0x08017e5c        0x8 /usr/local/Cellar/arm-gcc-bin@10/10.3-2021.10_1/arm-none-eabi/lib/thumb/v7e-m+fp/hard/libc.a(lib_a-stdio.o)
                0x08017e5c                __sclose
 .text.__swbuf_r
                0x08017e64       0xb0 /usr/local/Cellar/arm-gcc-bin@10/10.3-2021.10_1/arm-none-eabi/lib/thumb/v7e-m+fp/hard/libc.a(lib_a-wbuf.o)
                0x08017e64                __swbuf_r
 .text._wcrtomb_r
                0x08017f14       0x3c /usr/local/Cellar/arm-gcc-bin@10/10.3-2021.10_1/arm-none-eabi/lib/thumb/v7e-m+fp/hard/libc.a(lib_a-wcrtomb.o)
                0x08017f14                _wcrtomb_r
 .text._write_r
                0x08017f50       0x2c /usr/local/Cellar/arm-gcc-bin@10/10.3-2021.10_1/arm-none-eabi/lib/thumb/v7e-m+fp/hard/libc.a(lib_a-writer.o)
                0x08017f50                _write_r
 .text._close_r
                0x08017f7c       0x24 /usr/local/Cellar/arm-gcc-bin@10/10.3-2021.10_1/arm-none-eabi/lib/thumb/v7e-m+fp/hard/libc.a(lib_a-closer.o)
                0x08017f7c                _close_r
 .text._fclose_r
                0x08017fa0       0xcc /usr/local/Cellar/arm-gcc-bin@10/10.3-2021.10_1/arm-none-eabi/lib/thumb/v7e-m+fp/hard/libc.a(lib_a-fclose.o)
                0x08017fa0                _fclose_r
 .text._fstat_r
                0x0801806c       0x2c /usr/local/Cellar/arm-gcc-bin@10/10.3-2021.10_1/arm-none-eabi/lib/thumb/v7e-m+fp/hard/libc.a(lib_a-fstatr.o)
                0x0801806c                _fstat_r
 .text._isatty_r
                0x08018098       0x24 /usr/local/Cellar/arm-gcc-bin@10/10.3-2021.10_1/arm-none-eabi/lib/thumb/v7e-m+fp/hard/libc.a(lib_a-isattyr.o)
                0x08018098                _isatty_r
 .text._lseek_r
                0x080180bc       0x2c /usr/local/Cellar/arm-gcc-bin@10/10.3-2021.10_1/arm-none-eabi/lib/thumb/v7e-m+fp/hard/libc.a(lib_a-lseekr.o)
                0x080180bc                _lseek_r
 .text._read_r  0x080180e8       0x2c /usr/local/Cellar/arm-gcc-bin@10/10.3-2021.10_1/arm-none-eabi/lib/thumb/v7e-m+fp/hard/libc.a(lib_a-readr.o)
                0x080180e8                _read_r
 .text          0x08018114      0x378 /usr/local/Cellar/arm-gcc-bin@10/10.3-2021.10_1/lib/gcc/arm-none-eabi/10.3.1/thumb/v7e-m+fp/hard/libgcc.a(_arm_addsubdf3.o)
                0x08018114                __aeabi_drsub
                0x0801811c                __subdf3
                0x0801811c                __aeabi_dsub
                0x08018120                __aeabi_dadd
                0x08018120                __adddf3
                0x08018398                __aeabi_ui2d
                0x08018398                __floatunsidf
                0x080183b8                __floatsidf
                0x080183b8                __aeabi_i2d
                0x080183dc                __extendsfdf2
                0x080183dc                __aeabi_f2d
                0x08018420                __aeabi_ul2d
                0x08018420                __floatundidf
                0x08018430                __aeabi_l2d
                0x08018430                __floatdidf
 .text          0x0801848c      0x424 /usr/local/Cellar/arm-gcc-bin@10/10.3-2021.10_1/lib/gcc/arm-none-eabi/10.3.1/thumb/v7e-m+fp/hard/libgcc.a(_arm_muldivdf3.o)
                0x0801848c                __aeabi_dmul
                0x0801848c                __muldf3
                0x080186e0                __aeabi_ddiv
                0x080186e0                __divdf3
 .text          0x080188b0      0x110 /usr/local/Cellar/arm-gcc-bin@10/10.3-2021.10_1/lib/gcc/arm-none-eabi/10.3.1/thumb/v7e-m+fp/hard/libgcc.a(_arm_cmpdf2.o)
                0x080188b0                __gedf2
                0x080188b0                __gtdf2
                0x080188b8                __ledf2
                0x080188b8                __ltdf2
                0x080188c0                __cmpdf2
                0x080188c0                __eqdf2
                0x080188c0                __nedf2
                0x0801893c                __aeabi_cdrcmple
                0x0801894c                __aeabi_cdcmple
                0x0801894c                __aeabi_cdcmpeq
                0x0801895c                __aeabi_dcmpeq
                0x08018970                __aeabi_dcmplt
                0x08018984                __aeabi_dcmple
                0x08018998                __aeabi_dcmpge
                0x080189ac                __aeabi_dcmpgt
 .text          0x080189c0       0x2c /usr/local/Cellar/arm-gcc-bin@10/10.3-2021.10_1/lib/gcc/arm-none-eabi/10.3.1/thumb/v7e-m+fp/hard/libgcc.a(_arm_unorddf2.o)
                0x080189c0                __aeabi_dcmpun
                0x080189c0                __unorddf2
 .text          0x080189ec       0x50 /usr/local/Cellar/arm-gcc-bin@10/10.3-2021.10_1/lib/gcc/arm-none-eabi/10.3.1/thumb/v7e-m+fp/hard/libgcc.a(_arm_fixdfsi.o)
                0x080189ec                __fixdfsi
                0x080189ec                __aeabi_d2iz
 .text          0x08018a3c       0x30 /usr/local/Cellar/arm-gcc-bin@10/10.3-2021.10_1/lib/gcc/arm-none-eabi/10.3.1/thumb/v7e-m+fp/hard/libgcc.a(_aeabi_uldivmod.o)
                0x08018a3c                __aeabi_uldivmod
 .text          0x08018a6c      0x2d0 /usr/local/Cellar/arm-gcc-bin@10/10.3-2021.10_1/lib/gcc/arm-none-eabi/10.3.1/thumb/v7e-m+fp/hard/libgcc.a(_udivmoddi4.o)
                0x08018a6c                __udivmoddi4
 .text          0x08018d3c        0x4 /usr/local/Cellar/arm-gcc-bin@10/10.3-2021.10_1/lib/gcc/arm-none-eabi/10.3.1/thumb/v7e-m+fp/hard/libgcc.a(_dvmd_tls.o)
                0x08018d3c                __aeabi_ldiv0
                0x08018d3c                __aeabi_idiv0
 *(.rodata*)
 .rodata.main.str1.1
                0x08018d40      0x58d build/main.o
                                0x114 (size before relaxing)
 .rodata.kernel_run.str1.1
                0x080192cd        0x0 build/kernel/kernel.o
                                 0x19 (size before relaxing)
 .rodata.hal_init.str1.1
                0x080192cd        0x0 build/hal/hal.o
                                 0x20 (size before relaxing)
 .rodata.s_matrix
                0x080192cd       0x36 build/hal/keyboard.o
 *fill*         0x08019303        0x1 
 .rodata.COL_PINS
                0x08019304       0x18 build/hal/keyboard.o
 .rodata.ROW_PORTS
                0x0801931c       0x24 build/hal/keyboard.o
 .rodata.ROW_PINS
                0x08019340       0x24 build/hal/keyboard.o
 .rodata.draw_output.str1.1
                0x08019364        0x0 build/shell/shell.o
                                  0x5 (size before relaxing)
 .rodata.draw_input.str1.1
                0x08019364        0x0 build/shell/shell.o
                                  0x7 (size before relaxing)
 .rodata.shell_redraw.str1.1
                0x08019364        0x0 build/shell/shell.o
                                 0x13 (size before relaxing)
 .rodata.execute.str1.1
                0x08019364        0x0 build/shell/shell.o
                                  0x6 (size before relaxing)
 .rodata.shell_init.str1.1
                0x08019364        0x0 build/shell/shell.o
                                 0x35 (size before relaxing)
 .rodata.ls_cb.str1.1
                0x08019364        0x0 build/shell/commands.o
                                 0x11 (size before relaxing)
 .rodata.cmd_mem.str1.1
                0x08019364        0x0 build/shell/commands.o
                                 0x46 (size before relaxing)
 .rodata.cmd_help.str1.1
                0x08019364        0x0 build/shell/commands.o
                                0x16a (size before relaxing)
 .rodata.cmd_run_script.str1.1
                0x08019364        0x0 build/shell/commands.o
                                 0x4c (size before relaxing)
 .rodata.cmd_cat.str1.1
                0x08019364        0x0 build/shell/commands.o
                                 0x27 (size before relaxing)
 .rodata.cmd_ls.str1.1
                0x08019364        0x0 build/shell/commands.o
                                 0x27 (size before relaxing)
 .rodata.cmd_rm.str1.1
                0x08019364        0x0 build/shell/commands.o
                                 0x32 (size before relaxing)
 .rodata.cmd_touch.str1.1
                0x08019364        0x0 build/shell/commands.o
                                 0x23 (size before relaxing)
 .rodata.cmd_run.str1.1
                0x08019364        0x0 build/shell/commands.o
                                 0x15 (size before relaxing)
 .rodata.str1.1
                0x08019364        0x0 build/shell/commands.o
                                 0x32 (size before relaxing)
 .rodata.s_cmds
                0x08019364       0x60 build/shell/commands.o
 .rodata.draw_header.str1.1
                0x080193c4        0x0 build/ui/filemanager.o
                                 0x1b (size before relaxing)
 .rodata.draw_row.str1.1
                0x080193c4        0x0 build/ui/filemanager.o
                                 0x13 (size before relaxing)
 .rodata.fm_redraw.str1.1
                0x080193c4        0x0 build/ui/filemanager.o
                                 0x2a (size before relaxing)
 .rodata.fm_handle_event.str1.1
                0x080193c4        0x0 build/ui/filemanager.o
                                 0x18 (size before relaxing)
 .rodata.s_font
                0x080193c4      0x2f8 build/ui/font.o
 .rodata.usb_cdc_process.str1.1
                0x080196bc        0x0 build/usb/usb_cdc.o
                                 0x4d (size before relaxing)
 .rodata.mp_exec_str.str1.1
                0x080196bc        0x0 build/micropython-port/mp_port.o
                                 0x3d (size before relaxing)
 .rodata._svfprintf_r.str1.4
                0x080196bc      0x16e /usr/local/Cellar/arm-gcc-bin@10/10.3-2021.10_1/arm-none-eabi/lib/thumb/v7e-m+fp/hard/libc.a(lib_a-svfprintf.o)
                                 0x42 (size before relaxing)
 *fill*         0x0801982a        0x2 
 .rodata.blanks.1
                0x0801982c       0x10 /usr/local/Cellar/arm-gcc-bin@10/10.3-2021.10_1/arm-none-eabi/lib/thumb/v7e-m+fp/hard/libc.a(lib_a-svfprintf.o)
 .rodata.zeroes.0
                0x0801983c       0x10 /usr/local/Cellar/arm-gcc-bin@10/10.3-2021.10_1/arm-none-eabi/lib/thumb/v7e-m+fp/hard/libc.a(lib_a-svfprintf.o)
 .rodata._dtoa_r.str1.4
                0x0801984c        0x0 /usr/local/Cellar/arm-gcc-bin@10/10.3-2021.10_1/arm-none-eabi/lib/thumb/v7e-m+fp/hard/libc.a(lib_a-dtoa.o)
                                 0x82 (size before relaxing)
 .rodata.__multadd.str1.4
                0x0801984c        0x0 /usr/local/Cellar/arm-gcc-bin@10/10.3-2021.10_1/arm-none-eabi/lib/thumb/v7e-m+fp/hard/libc.a(lib_a-mprec.o)
                                 0x6f (size before relaxing)
 *fill*         0x0801984c        0x4 
 .rodata.__mprec_bigtens
                0x08019850       0x28 /usr/local/Cellar/arm-gcc-bin@10/10.3-2021.10_1/arm-none-eabi/lib/thumb/v7e-m+fp/hard/libc.a(lib_a-mprec.o)
                0x08019850                __mprec_bigtens
 .rodata.__mprec_tens
                0x08019878       0xc8 /usr/local/Cellar/arm-gcc-bin@10/10.3-2021.10_1/arm-none-eabi/lib/thumb/v7e-m+fp/hard/libc.a(lib_a-mprec.o)
                0x08019878                __mprec_tens
 .rodata.p05.0  0x08019940        0xc /usr/local/Cellar/arm-gcc-bin@10/10.3-2021.10_1/arm-none-eabi/lib/thumb/v7e-m+fp/hard/libc.a(lib_a-mprec.o)
 .rodata.__assert_func.str1.4
                0x0801994c        0x0 /usr/local/Cellar/arm-gcc-bin@10/10.3-2021.10_1/arm-none-eabi/lib/thumb/v7e-m+fp/hard/libc.a(lib_a-assert.o)
                                 0x43 (size before relaxing)
 .rodata._setlocale_r.str1.4
                0x0801994c        0x0 /usr/local/Cellar/arm-gcc-bin@10/10.3-2021.10_1/arm-none-eabi/lib/thumb/v7e-m+fp/hard/libc.a(lib_a-locale.o)
                                  0xd (size before relaxing)
 .rodata.str1.4
                0x0801994c        0x0 /usr/local/Cellar/arm-gcc-bin@10/10.3-2021.10_1/arm-none-eabi/lib/thumb/v7e-m+fp/hard/libc.a(lib_a-locale.o)
                                  0x2 (size before relaxing)
 .rodata._vfiprintf_r.str1.4
                0x0801994c        0x0 /usr/local/Cellar/arm-gcc-bin@10/10.3-2021.10_1/arm-none-eabi/lib/thumb/v7e-m+fp/hard/libc.a(lib_a-vfiprintf.o)
                                 0x2f (size before relaxing)
 .rodata.blanks.1
                0x0801994c       0x10 /usr/local/Cellar/arm-gcc-bin@10/10.3-2021.10_1/arm-none-eabi/lib/thumb/v7e-m+fp/hard/libc.a(lib_a-vfiprintf.o)
 .rodata.zeroes.0
                0x0801995c       0x10 /usr/local/Cellar/arm-gcc-bin@10/10.3-2021.10_1/arm-none-eabi/lib/thumb/v7e-m+fp/hard/libc.a(lib_a-vfiprintf.o)
 .rodata._ctype_
                0x0801996c      0x101 /usr/local/Cellar/arm-gcc-bin@10/10.3-2021.10_1/arm-none-eabi/lib/thumb/v7e-m+fp/hard/libc.a(lib_a-ctype_.o)
                0x0801996c                _ctype_
 *(.glue_7 .glue_7t)
 .glue_7        0x08019a6d        0x0 linker stubs
 .glue_7t       0x08019a6d        0x0 linker stubs
 *(.init .fini)

.vfp11_veneer   0x08019a70        0x0
 .vfp11_veneer  0x08019a70        0x0 linker stubs

.v4_bx          0x08019a70        0x0
 .v4_bx         0x08019a70        0x0 linker stubs

.iplt           0x08019a70        0x0
 .iplt          0x08019a70        0x0 build/main.o

.ARM.extab
 *(.ARM.extab*)

.ARM.exidx      0x08019a70        0x8
 *(.ARM.exidx*)
 .ARM.exidx     0x08019a70        0x8 /usr/local/Cellar/arm-gcc-bin@10/10.3-2021.10_1/lib/gcc/arm-none-eabi/10.3.1/thumb/v7e-m+fp/hard/libgcc.a(_udivmoddi4.o)
                0x08019a78                        _sidata = LOADADDR (.data)

.rel.dyn        0x08019a78        0x0
 .rel.iplt      0x08019a78        0x0 build/main.o

.data           0x20000000      0x9b4 load address 0x08019a78
                0x20000000                        _sdata = .
 *(.data*)
 .data.s_hist_pos
                0x20000000        0x4 build/shell/shell.o
 .data.s_dirty  0x20000004        0x1 build/shell/shell.o
 *fill*         0x20000005        0x3 
 .data._impure_ptr
                0x20000008        0x4 /usr/local/Cellar/arm-gcc-bin@10/10.3-2021.10_1/arm-none-eabi/lib/thumb/v7e-m+fp/hard/libc.a(lib_a-impure.o)
                0x20000008                _impure_ptr
 *fill*         0x2000000c        0x4 
 .data.impure_data
                0x20000010      0x428 /usr/local/Cellar/arm-gcc-bin@10/10.3-2021.10_1/arm-none-eabi/lib/thumb/v7e-m+fp/hard/libc.a(lib_a-impure.o)
 .data.__malloc_av_
                0x20000438      0x408 /usr/local/Cellar/arm-gcc-bin@10/10.3-2021.10_1/arm-none-eabi/lib/thumb/v7e-m+fp/hard/libc.a(lib_a-mallocr.o)
                0x20000438                __malloc_av_
 .data.__malloc_sbrk_base
                0x20000840        0x4 /usr/local/Cellar/arm-gcc-bin@10/10.3-2021.10_1/arm-none-eabi/lib/thumb/v7e-m+fp/hard/libc.a(lib_a-mallocr.o)
                0x20000840                __malloc_sbrk_base
 .data.__malloc_trim_threshold
                0x20000844        0x4 /usr/local/Cellar/arm-gcc-bin@10/10.3-2021.10_1/arm-none-eabi/lib/thumb/v7e-m+fp/hard/libc.a(lib_a-mallocr.o)
                0x20000844                __malloc_trim_threshold
 .data.__global_locale
                0x20000848      0x16c /usr/local/Cellar/arm-gcc-bin@10/10.3-2021.10_1/arm-none-eabi/lib/thumb/v7e-m+fp/hard/libc.a(lib_a-locale.o)
                0x20000848                __global_locale
                0x200009b4                        _edata = .

.igot.plt       0x200009b4        0x0 load address 0x0801a42c
 .igot.plt      0x200009b4        0x0 build/main.o

.bss            0x200009b4    0x2a9f5 load address 0x0801a42c
                0x200009b4                        _sbss = .
 *(.bss* COMMON)
 .bss.heap_ptr  0x200009b4        0x4 build/main.o
 .bss.errno     0x200009b8        0x4 build/main.o
                0x200009b8                errno
 .bss.g_tick_ms
                0x200009bc        0x4 build/bootloader/boot.o
                0x200009bc                g_tick_ms
 .bss.s_evq_tail
                0x200009c0        0x1 build/kernel/kernel.o
 .bss.s_evq_head
                0x200009c1        0x1 build/kernel/kernel.o
 .bss.s_evq     0x200009c2       0x40 build/kernel/kernel.o
 *fill*         0x20000a02        0x2 
 .bss.g_kernel  0x20000a04        0x8 build/kernel/kernel.o
 .bss.s_yield   0x20000a0c        0x1 build/kernel/scheduler.o
 .bss.s_current
                0x20000a0d        0x1 build/kernel/scheduler.o
 .bss.s_ntasks  0x20000a0e        0x1 build/kernel/scheduler.o
 *fill*         0x20000a0f        0x1 
 .bss.s_tasks   0x20000a10       0x40 build/kernel/scheduler.o
 .bss.s_bitmap  0x20000a50       0x64 build/kernel/memory.o
 .bss.g_framebuf
                0x20000ab4    0x25800 build/hal/display.o
                0x20000ab4                g_framebuf
 .bss.s_ktail   0x200262b4        0x1 build/hal/keyboard.o
 .bss.s_khead   0x200262b5        0x1 build/hal/keyboard.o
 .bss.s_kbuf    0x200262b6       0x20 build/hal/keyboard.o
 .bss.s_debounce
                0x200262d6       0x36 build/hal/keyboard.o
 .bss.s_state   0x2002630c       0x36 build/hal/keyboard.o
 .bss.s_rxtail  0x20026342        0x1 build/hal/uart.o
 .bss.s_rxhead  0x20026343        0x1 build/hal/uart.o
 .bss.s_rxbuf   0x20026344       0x40 build/hal/uart.o
 .bss.s_mounted
                0x20026384        0x1 build/fs/flashfs.o
 .bss.s_super   0x20026385       0x14 build/fs/flashfs.o
 .bss.s_dir     0x20026399      0x500 build/fs/flashfs.o
 *fill*         0x20026899        0x3 
 .bss.s_hist_cnt
                0x2002689c        0x4 build/shell/shell.o
 .bss.s_hist_head
                0x200268a0        0x4 build/shell/shell.o
 .bss.s_hist    0x200268a4      0x144 build/shell/shell.o
 .bss.s_alpha   0x200269e8        0x1 build/shell/shell.o
 .bss.s_shift   0x200269e9        0x1 build/shell/shell.o
 *fill*         0x200269ea        0x2 
 .bss.s_inlen   0x200269ec        0x4 build/shell/shell.o
 .bss.s_input   0x200269f0       0x51 build/shell/shell.o
 *fill*         0x20026a41        0x3 
 .bss.s_nlines  0x20026a44        0x4 build/shell/shell.o
 .bss.s_lines   0x20026a48      0x3d8 build/shell/shell.o
 .bss.fbuf.0    0x20026e20     0x2001 build/shell/commands.o
 .bss.script.1  0x20028e21     0x2001 build/shell/commands.o
 .bss.s_linebuf
                0x2002ae22       0x51 build/shell/commands.o
 *fill*         0x2002ae73        0x1 
 .bss.s_argc    0x2002ae74        0x4 build/shell/commands.o
 .bss.s_argv    0x2002ae78       0x20 build/shell/commands.o
 .bss.s_scroll  0x2002ae98        0x4 build/ui/filemanager.o
 .bss.s_cursor  0x2002ae9c        0x4 build/ui/filemanager.o
 .bss.s_nitem   0x2002aea0        0x4 build/ui/filemanager.o
 .bss.s_items   0x2002aea4      0x380 build/ui/filemanager.o
 .bss.fbuf.0    0x2002b224      0x100 build/usb/usb_cdc.o
 .bss.s_cmd_len
                0x2002b324        0x1 build/usb/usb_cdc.o
 .bss.s_cmd_buf
                0x2002b325       0x40 build/usb/usb_cdc.o
 *fill*         0x2002b365        0x1 
 .bss.s_rx_head
                0x2002b366        0x2 build/usb/usb_cdc.o
 .bss.s_tx_tail
                0x2002b368        0x2 build/usb/usb_cdc.o
 *fill*         0x2002b36a        0x2 
 .bss.__malloc_current_mallinfo
                0x2002b36c       0x28 /usr/local/Cellar/arm-gcc-bin@10/10.3-2021.10_1/arm-none-eabi/lib/thumb/v7e-m+fp/hard/libc.a(lib_a-mallocr.o)
                0x2002b36c                __malloc_current_mallinfo
 .bss.__malloc_max_sbrked_mem
                0x2002b394        0x4 /usr/local/Cellar/arm-gcc-bin@10/10.3-2021.10_1/arm-none-eabi/lib/thumb/v7e-m+fp/hard/libc.a(lib_a-mallocr.o)
                0x2002b394                __malloc_max_sbrked_mem
 .bss.__malloc_max_total_mem
                0x2002b398        0x4 /usr/local/Cellar/arm-gcc-bin@10/10.3-2021.10_1/arm-none-eabi/lib/thumb/v7e-m+fp/hard/libc.a(lib_a-mallocr.o)
                0x2002b398                __malloc_max_total_mem
 .bss.__malloc_top_pad
                0x2002b39c        0x4 /usr/local/Cellar/arm-gcc-bin@10/10.3-2021.10_1/arm-none-eabi/lib/thumb/v7e-m+fp/hard/libc.a(lib_a-mallocr.o)
                0x2002b39c                __malloc_top_pad
 .bss.__lock___malloc_recursive_mutex
                0x2002b3a0        0x1 /usr/local/Cellar/arm-gcc-bin@10/10.3-2021.10_1/arm-none-eabi/lib/thumb/v7e-m+fp/hard/libc.a(lib_a-lock.o)
                0x2002b3a0                __lock___malloc_recursive_mutex
 *fill*         0x2002b3a1        0x3 
 .bss.__lock___sfp_recursive_mutex
                0x2002b3a4        0x1 /usr/local/Cellar/arm-gcc-bin@10/10.3-2021.10_1/arm-none-eabi/lib/thumb/v7e-m+fp/hard/libc.a(lib_a-lock.o)
                0x2002b3a4                __lock___sfp_recursive_mutex
 *fill*         0x2002b3a5        0x3 
 .bss.__lock___sinit_recursive_mutex
                0x2002b3a8        0x1 /usr/local/Cellar/arm-gcc-bin@10/10.3-2021.10_1/arm-none-eabi/lib/thumb/v7e-m+fp/hard/libc.a(lib_a-lock.o)
                0x2002b3a8                __lock___sinit_recursive_mutex
                0x2002b3a9                        _ebss = .

.heap           0x2003e000     0x2000
                0x2003e000                        _sheap = .
                0x20040000                        . = (ORIGIN (HEAP_RAM) + LENGTH (HEAP_RAM))
 *fill*         0x2003e000     0x2000 
                0x20040000                        _eheap = .

.stack          0x20040000     0xfffc
                0x20040000                        _sstack = .
                0x2004fffc                        . = ((ORIGIN (DTCM) + LENGTH (DTCM)) - 0x4)
 *fill*         0x20040000     0xfffc 
                0x2004fffc                        _estack = .
                0x08070000                        _flash_fs_start = ORIGIN (FLASH_FS)
                0x08080000                        _flash_fs_end = (ORIGIN (FLASH_FS) + LENGTH (FLASH_FS))

/DISCARD/
 *(.eh_frame)
 *(.note*)
OUTPUT(build/numworks_os.elf elf32-littlearm)
LOAD linker stubs

.comment        0x00000000       0x12
 .comment       0x00000000       0x12 build/main.o
                                 0x13 (size before relaxing)
 .comment       0x00000012        0x0 build/bootloader/boot.o
                                 0x13 (size before relaxing)
 .comment       0x00000012        0x0 build/kernel/kernel.o
                                 0x13 (size before relaxing)
 .comment       0x00000012        0x0 build/kernel/scheduler.o
                                 0x13 (size before relaxing)
 .comment       0x00000012        0x0 build/kernel/memory.o
                                 0x13 (size before relaxing)
 .comment       0x00000012        0x0 build/hal/hal.o
                                 0x13 (size before relaxing)
 .comment       0x00000012        0x0 build/hal/display.o
                                 0x13 (size before relaxing)
 .comment       0x00000012        0x0 build/hal/keyboard.o
                                 0x13 (size before relaxing)
 .comment       0x00000012        0x0 build/hal/uart.o
                                 0x13 (size before relaxing)
 .comment       0x00000012        0x0 build/hal/timer.o
                                 0x13 (size before relaxing)
 .comment       0x00000012        0x0 build/fs/flashfs.o
                                 0x13 (size before relaxing)
 .comment       0x00000012        0x0 build/shell/shell.o
                                 0x13 (size before relaxing)
 .comment       0x00000012        0x0 build/shell/commands.o
                                 0x13 (size before relaxing)
 .comment       0x00000012        0x0 build/ui/filemanager.o
                                 0x13 (size before relaxing)
 .comment       0x00000012        0x0 build/ui/font.o
                                 0x13 (size before relaxing)
 .comment       0x00000012        0x0 build/usb/usb_cdc.o
                                 0x13 (size before relaxing)
 .comment       0x00000012        0x0 build/micropython-port/mp_port.o
                                 0x13 (size before relaxing)

.ARM.attributes
                0x00000000       0x30
 .ARM.attributes
                0x00000000       0x32 build/main.o
 .ARM.attributes
                0x00000032       0x32 build/bootloader/boot.o
 .ARM.attributes
                0x00000064       0x32 build/kernel/kernel.o
 .ARM.attributes
                0x00000096       0x32 build/kernel/scheduler.o
 .ARM.attributes
                0x000000c8       0x32 build/kernel/memory.o
 .ARM.attributes
                0x000000fa       0x32 build/hal/hal.o
 .ARM.attributes
                0x0000012c       0x32 build/hal/display.o
 .ARM.attributes
                0x0000015e       0x32 build/hal/keyboard.o
 .ARM.attributes
                0x00000190       0x32 build/hal/uart.o
 .ARM.attributes
                0x000001c2       0x32 build/hal/timer.o
 .ARM.attributes
                0x000001f4       0x32 build/fs/flashfs.o
 .ARM.attributes
                0x00000226       0x32 build/shell/shell.o
 .ARM.attributes
                0x00000258       0x32 build/shell/commands.o
 .ARM.attributes
                0x0000028a       0x32 build/ui/filemanager.o
 .ARM.attributes
                0x000002bc       0x32 build/ui/font.o
 .ARM.attributes
                0x000002ee       0x32 build/usb/usb_cdc.o
 .ARM.attributes
                0x00000320       0x32 build/micropython-port/mp_port.o
 .ARM.attributes
                0x00000352       0x23 build/bootloader/startup_stm32f730.o
 .ARM.attributes
                0x00000375       0x1c /usr/local/Cellar/arm-gcc-bin@10/10.3-2021.10_1/arm-none-eabi/lib/thumb/v7e-m+fp/hard/libc.a(lib_a-memcpy.o)
 .ARM.attributes
                0x00000391       0x34 /usr/local/Cellar/arm-gcc-bin@10/10.3-2021.10_1/arm-none-eabi/lib/thumb/v7e-m+fp/hard/libc.a(lib_a-memset.o)
 .ARM.attributes
                0x000003c5       0x34 /usr/local/Cellar/arm-gcc-bin@10/10.3-2021.10_1/arm-none-eabi/lib/thumb/v7e-m+fp/hard/libc.a(lib_a-snprintf.o)
 .ARM.attributes
                0x000003f9       0x1c /usr/local/Cellar/arm-gcc-bin@10/10.3-2021.10_1/arm-none-eabi/lib/thumb/v7e-m+fp/hard/libc.a(lib_a-strcmp.o)
 .ARM.attributes
                0x00000415       0x1c /usr/local/Cellar/arm-gcc-bin@10/10.3-2021.10_1/arm-none-eabi/lib/thumb/v7e-m+fp/hard/libc.a(lib_a-strlen.o)
 .ARM.attributes
                0x00000431       0x34 /usr/local/Cellar/arm-gcc-bin@10/10.3-2021.10_1/arm-none-eabi/lib/thumb/v7e-m+fp/hard/libc.a(lib_a-strncmp.o)
 .ARM.attributes
                0x00000465       0x34 /usr/local/Cellar/arm-gcc-bin@10/10.3-2021.10_1/arm-none-eabi/lib/thumb/v7e-m+fp/hard/libc.a(lib_a-strncpy.o)
 .ARM.attributes
                0x00000499       0x34 /usr/local/Cellar/arm-gcc-bin@10/10.3-2021.10_1/arm-none-eabi/lib/thumb/v7e-m+fp/hard/libc.a(lib_a-svfprintf.o)
 .ARM.attributes
                0x000004cd       0x34 /usr/local/Cellar/arm-gcc-bin@10/10.3-2021.10_1/arm-none-eabi/lib/thumb/v7e-m+fp/hard/libc.a(lib_a-vsnprintf.o)
 .ARM.attributes
                0x00000501       0x34 /usr/local/Cellar/arm-gcc-bin@10/10.3-2021.10_1/arm-none-eabi/lib/thumb/v7e-m+fp/hard/libc.a(lib_a-dtoa.o)
 .ARM.attributes
                0x00000535       0x34 /usr/local/Cellar/arm-gcc-bin@10/10.3-2021.10_1/arm-none-eabi/lib/thumb/v7e-m+fp/hard/libc.a(lib_a-freer.o)
 .ARM.attributes
                0x00000569       0x34 /usr/local/Cellar/arm-gcc-bin@10/10.3-2021.10_1/arm-none-eabi/lib/thumb/v7e-m+fp/hard/libc.a(lib_a-impure.o)
 .ARM.attributes
                0x0000059d       0x34 /usr/local/Cellar/arm-gcc-bin@10/10.3-2021.10_1/arm-none-eabi/lib/thumb/v7e-m+fp/hard/libc.a(lib_a-localeconv.o)
 .ARM.attributes
                0x000005d1       0x34 /usr/local/Cellar/arm-gcc-bin@10/10.3-2021.10_1/arm-none-eabi/lib/thumb/v7e-m+fp/hard/libc.a(lib_a-mallocr.o)
 .ARM.attributes
                0x00000605       0x1c /usr/local/Cellar/arm-gcc-bin@10/10.3-2021.10_1/arm-none-eabi/lib/thumb/v7e-m+fp/hard/libc.a(lib_a-memchr.o)
 .ARM.attributes
                0x00000621       0x34 /usr/local/Cellar/arm-gcc-bin@10/10.3-2021.10_1/arm-none-eabi/lib/thumb/v7e-m+fp/hard/libc.a(lib_a-mlock.o)
 .ARM.attributes
                0x00000655       0x34 /usr/local/Cellar/arm-gcc-bin@10/10.3-2021.10_1/arm-none-eabi/lib/thumb/v7e-m+fp/hard/libc.a(lib_a-mprec.o)
 .ARM.attributes
                0x00000689       0x34 /usr/local/Cellar/arm-gcc-bin@10/10.3-2021.10_1/arm-none-eabi/lib/thumb/v7e-m+fp/hard/libc.a(lib_a-s_frexp.o)
 .ARM.attributes
                0x000006bd       0x34 /usr/local/Cellar/arm-gcc-bin@10/10.3-2021.10_1/arm-none-eabi/lib/thumb/v7e-m+fp/hard/libc.a(lib_a-sbrkr.o)
 .ARM.attributes
                0x000006f1       0x34 /usr/local/Cellar/arm-gcc-bin@10/10.3-2021.10_1/arm-none-eabi/lib/thumb/v7e-m+fp/hard/libc.a(lib_a-svfiprintf.o)
 .ARM.attributes
                0x00000725       0x34 /usr/local/Cellar/arm-gcc-bin@10/10.3-2021.10_1/arm-none-eabi/lib/thumb/v7e-m+fp/hard/libc.a(lib_a-assert.o)
 .ARM.attributes
                0x00000759       0x34 /usr/local/Cellar/arm-gcc-bin@10/10.3-2021.10_1/arm-none-eabi/lib/thumb/v7e-m+fp/hard/libc.a(lib_a-callocr.o)
 .ARM.attributes
                0x0000078d       0x34 /usr/local/Cellar/arm-gcc-bin@10/10.3-2021.10_1/arm-none-eabi/lib/thumb/v7e-m+fp/hard/libc.a(lib_a-errno.o)
 .ARM.attributes
                0x000007c1       0x34 /usr/local/Cellar/arm-gcc-bin@10/10.3-2021.10_1/arm-none-eabi/lib/thumb/v7e-m+fp/hard/libc.a(lib_a-fiprintf.o)
 .ARM.attributes
                0x000007f5       0x34 /usr/local/Cellar/arm-gcc-bin@10/10.3-2021.10_1/arm-none-eabi/lib/thumb/v7e-m+fp/hard/libc.a(lib_a-locale.o)
 .ARM.attributes
                0x00000829       0x34 /usr/local/Cellar/arm-gcc-bin@10/10.3-2021.10_1/arm-none-eabi/lib/thumb/v7e-m+fp/hard/libc.a(lib_a-lock.o)
 .ARM.attributes
                0x0000085d       0x34 /usr/local/Cellar/arm-gcc-bin@10/10.3-2021.10_1/arm-none-eabi/lib/thumb/v7e-m+fp/hard/libc.a(lib_a-mbtowc_r.o)
 .ARM.attributes
                0x00000891       0x34 /usr/local/Cellar/arm-gcc-bin@10/10.3-2021.10_1/arm-none-eabi/lib/thumb/v7e-m+fp/hard/libc.a(lib_a-memmove.o)
 .ARM.attributes
                0x000008c5       0x34 /usr/local/Cellar/arm-gcc-bin@10/10.3-2021.10_1/arm-none-eabi/lib/thumb/v7e-m+fp/hard/libc.a(lib_a-reallocr.o)
 .ARM.attributes
                0x000008f9       0x34 /usr/local/Cellar/arm-gcc-bin@10/10.3-2021.10_1/arm-none-eabi/lib/thumb/v7e-m+fp/hard/libc.a(lib_a-vfiprintf.o)
 .ARM.attributes
                0x0000092d       0x34 /usr/local/Cellar/arm-gcc-bin@10/10.3-2021.10_1/arm-none-eabi/lib/thumb/v7e-m+fp/hard/libc.a(lib_a-wctomb_r.o)
 .ARM.attributes
                0x00000961       0x34 /usr/local/Cellar/arm-gcc-bin@10/10.3-2021.10_1/arm-none-eabi/lib/thumb/v7e-m+fp/hard/libc.a(lib_a-wsetup.o)
 .ARM.attributes
                0x00000995       0x34 /usr/local/Cellar/arm-gcc-bin@10/10.3-2021.10_1/arm-none-eabi/lib/thumb/v7e-m+fp/hard/libc.a(lib_a-abort.o)
 .ARM.attributes
                0x000009c9       0x34 /usr/local/Cellar/arm-gcc-bin@10/10.3-2021.10_1/arm-none-eabi/lib/thumb/v7e-m+fp/hard/libc.a(lib_a-ctype_.o)
 .ARM.attributes
                0x000009fd       0x34 /usr/local/Cellar/arm-gcc-bin@10/10.3-2021.10_1/arm-none-eabi/lib/thumb/v7e-m+fp/hard/libc.a(lib_a-fflush.o)
 .ARM.attributes
                0x00000a31       0x34 /usr/local/Cellar/arm-gcc-bin@10/10.3-2021.10_1/arm-none-eabi/lib/thumb/v7e-m+fp/hard/libc.a(lib_a-findfp.o)
 .ARM.attributes
                0x00000a65       0x34 /usr/local/Cellar/arm-gcc-bin@10/10.3-2021.10_1/arm-none-eabi/lib/thumb/v7e-m+fp/hard/libc.a(lib_a-fputwc.o)
 .ARM.attributes
                0x00000a99       0x34 /usr/local/Cellar/arm-gcc-bin@10/10.3-2021.10_1/arm-none-eabi/lib/thumb/v7e-m+fp/hard/libc.a(lib_a-fvwrite.o)
 .ARM.attributes
                0x00000acd       0x34 /usr/local/Cellar/arm-gcc-bin@10/10.3-2021.10_1/arm-none-eabi/lib/thumb/v7e-m+fp/hard/libc.a(lib_a-fwalk.o)
 .ARM.attributes
                0x00000b01       0x34 /usr/local/Cellar/arm-gcc-bin@10/10.3-2021.10_1/arm-none-eabi/lib/thumb/v7e-m+fp/hard/libc.a(lib_a-makebuf.o)
 .ARM.attributes
                0x00000b35       0x34 /usr/local/Cellar/arm-gcc-bin@10/10.3-2021.10_1/arm-none-eabi/lib/thumb/v7e-m+fp/hard/libc.a(lib_a-signal.o)
 .ARM.attributes
                0x00000b69       0x34 /usr/local/Cellar/arm-gcc-bin@10/10.3-2021.10_1/arm-none-eabi/lib/thumb/v7e-m+fp/hard/libc.a(lib_a-signalr.o)
 .ARM.attributes
                0x00000b9d       0x34 /usr/local/Cellar/arm-gcc-bin@10/10.3-2021.10_1/arm-none-eabi/lib/thumb/v7e-m+fp/hard/libc.a(lib_a-stdio.o)
 .ARM.attributes
                0x00000bd1       0x34 /usr/local/Cellar/arm-gcc-bin@10/10.3-2021.10_1/arm-none-eabi/lib/thumb/v7e-m+fp/hard/libc.a(lib_a-wbuf.o)
 .ARM.attributes
                0x00000c05       0x34 /usr/local/Cellar/arm-gcc-bin@10/10.3-2021.10_1/arm-none-eabi/lib/thumb/v7e-m+fp/hard/libc.a(lib_a-wcrtomb.o)
 .ARM.attributes
                0x00000c39       0x34 /usr/local/Cellar/arm-gcc-bin@10/10.3-2021.10_1/arm-none-eabi/lib/thumb/v7e-m+fp/hard/libc.a(lib_a-writer.o)
 .ARM.attributes
                0x00000c6d       0x34 /usr/local/Cellar/arm-gcc-bin@10/10.3-2021.10_1/arm-none-eabi/lib/thumb/v7e-m+fp/hard/libc.a(lib_a-closer.o)
 .ARM.attributes
                0x00000ca1       0x34 /usr/local/Cellar/arm-gcc-bin@10/10.3-2021.10_1/arm-none-eabi/lib/thumb/v7e-m+fp/hard/libc.a(lib_a-fclose.o)
 .ARM.attributes
                0x00000cd5       0x34 /usr/local/Cellar/arm-gcc-bin@10/10.3-2021.10_1/arm-none-eabi/lib/thumb/v7e-m+fp/hard/libc.a(lib_a-fstatr.o)
 .ARM.attributes
                0x00000d09       0x34 /usr/local/Cellar/arm-gcc-bin@10/10.3-2021.10_1/arm-none-eabi/lib/thumb/v7e-m+fp/hard/libc.a(lib_a-isattyr.o)
 .ARM.attributes
                0x00000d3d       0x34 /usr/local/Cellar/arm-gcc-bin@10/10.3-2021.10_1/arm-none-eabi/lib/thumb/v7e-m+fp/hard/libc.a(lib_a-lseekr.o)
 .ARM.attributes
                0x00000d71       0x34 /usr/local/Cellar/arm-gcc-bin@10/10.3-2021.10_1/arm-none-eabi/lib/thumb/v7e-m+fp/hard/libc.a(lib_a-readr.o)
 .ARM.attributes
                0x00000da5       0x1e /usr/local/Cellar/arm-gcc-bin@10/10.3-2021.10_1/lib/gcc/arm-none-eabi/10.3.1/thumb/v7e-m+fp/hard/libgcc.a(_arm_addsubdf3.o)
 .ARM.attributes
                0x00000dc3       0x1e /usr/local/Cellar/arm-gcc-bin@10/10.3-2021.10_1/lib/gcc/arm-none-eabi/10.3.1/thumb/v7e-m+fp/hard/libgcc.a(_arm_muldivdf3.o)
 .ARM.attributes
                0x00000de1       0x1e /usr/local/Cellar/arm-gcc-bin@10/10.3-2021.10_1/lib/gcc/arm-none-eabi/10.3.1/thumb/v7e-m+fp/hard/libgcc.a(_arm_cmpdf2.o)
 .ARM.attributes
                0x00000dff       0x1e /usr/local/Cellar/arm-gcc-bin@10/10.3-2021.10_1/lib/gcc/arm-none-eabi/10.3.1/thumb/v7e-m+fp/hard/libgcc.a(_arm_unorddf2.o)
 .ARM.attributes
                0x00000e1d       0x1e /usr/local/Cellar/arm-gcc-bin@10/10.3-2021.10_1/lib/gcc/arm-none-eabi/10.3.1/thumb/v7e-m+fp/hard/libgcc.a(_arm_fixdfsi.o)
 .ARM.attributes
                0x00000e3b       0x1e /usr/local/Cellar/arm-gcc-bin@10/10.3-2021.10_1/lib/gcc/arm-none-eabi/10.3.1/thumb/v7e-m+fp/hard/libgcc.a(_aeabi_uldivmod.o)
 .ARM.attributes
                0x00000e59       0x34 /usr/local/Cellar/arm-gcc-bin@10/10.3-2021.10_1/lib/gcc/arm-none-eabi/10.3.1/thumb/v7e-m+fp/hard/libgcc.a(_udivmoddi4.o)
 .ARM.attributes
                0x00000e8d       0x1e /usr/local/Cellar/arm-gcc-bin@10/10.3-2021.10_1/lib/gcc/arm-none-eabi/10.3.1/thumb/v7e-m+fp/hard/libgcc.a(_dvmd_tls.o)

.debug_frame    0x00000000     0x1600
 .debug_frame   0x00000000       0x2c /usr/local/Cellar/arm-gcc-bin@10/10.3-2021.10_1/arm-none-eabi/lib/thumb/v7e-m+fp/hard/libc.a(lib_a-memset.o)
 .debug_frame   0x0000002c       0x94 /usr/local/Cellar/arm-gcc-bin@10/10.3-2021.10_1/arm-none-eabi/lib/thumb/v7e-m+fp/hard/libc.a(lib_a-snprintf.o)
 .debug_frame   0x000000c0       0x68 /usr/local/Cellar/arm-gcc-bin@10/10.3-2021.10_1/arm-none-eabi/lib/thumb/v7e-m+fp/hard/libc.a(lib_a-strcmp.o)
 .debug_frame   0x00000128       0x38 /usr/local/Cellar/arm-gcc-bin@10/10.3-2021.10_1/arm-none-eabi/lib/thumb/v7e-m+fp/hard/libc.a(lib_a-strncmp.o)
 .debug_frame   0x00000160       0x2c /usr/local/Cellar/arm-gcc-bin@10/10.3-2021.10_1/arm-none-eabi/lib/thumb/v7e-m+fp/hard/libc.a(lib_a-strncpy.o)
 .debug_frame   0x0000018c       0x7c /usr/local/Cellar/arm-gcc-bin@10/10.3-2021.10_1/arm-none-eabi/lib/thumb/v7e-m+fp/hard/libc.a(lib_a-svfprintf.o)
 .debug_frame   0x00000208       0x60 /usr/local/Cellar/arm-gcc-bin@10/10.3-2021.10_1/arm-none-eabi/lib/thumb/v7e-m+fp/hard/libc.a(lib_a-vsnprintf.o)
 .debug_frame   0x00000268       0xdc /usr/local/Cellar/arm-gcc-bin@10/10.3-2021.10_1/arm-none-eabi/lib/thumb/v7e-m+fp/hard/libc.a(lib_a-dtoa.o)
 .debug_frame   0x00000344       0x8c /usr/local/Cellar/arm-gcc-bin@10/10.3-2021.10_1/arm-none-eabi/lib/thumb/v7e-m+fp/hard/libc.a(lib_a-freer.o)
 .debug_frame   0x000003d0       0x40 /usr/local/Cellar/arm-gcc-bin@10/10.3-2021.10_1/arm-none-eabi/lib/thumb/v7e-m+fp/hard/libc.a(lib_a-localeconv.o)
 .debug_frame   0x00000410       0x4c /usr/local/Cellar/arm-gcc-bin@10/10.3-2021.10_1/arm-none-eabi/lib/thumb/v7e-m+fp/hard/libc.a(lib_a-mallocr.o)
 .debug_frame   0x0000045c       0x30 /usr/local/Cellar/arm-gcc-bin@10/10.3-2021.10_1/arm-none-eabi/lib/thumb/v7e-m+fp/hard/libc.a(lib_a-mlock.o)
 .debug_frame   0x0000048c      0x280 /usr/local/Cellar/arm-gcc-bin@10/10.3-2021.10_1/arm-none-eabi/lib/thumb/v7e-m+fp/hard/libc.a(lib_a-mprec.o)
 .debug_frame   0x0000070c       0x2c /usr/local/Cellar/arm-gcc-bin@10/10.3-2021.10_1/arm-none-eabi/lib/thumb/v7e-m+fp/hard/libc.a(lib_a-s_frexp.o)
 .debug_frame   0x00000738       0x2c /usr/local/Cellar/arm-gcc-bin@10/10.3-2021.10_1/arm-none-eabi/lib/thumb/v7e-m+fp/hard/libc.a(lib_a-sbrkr.o)
 .debug_frame   0x00000764       0x88 /usr/local/Cellar/arm-gcc-bin@10/10.3-2021.10_1/arm-none-eabi/lib/thumb/v7e-m+fp/hard/libc.a(lib_a-svfiprintf.o)
 .debug_frame   0x000007ec       0x40 /usr/local/Cellar/arm-gcc-bin@10/10.3-2021.10_1/arm-none-eabi/lib/thumb/v7e-m+fp/hard/libc.a(lib_a-assert.o)
 .debug_frame   0x0000082c       0x2c /usr/local/Cellar/arm-gcc-bin@10/10.3-2021.10_1/arm-none-eabi/lib/thumb/v7e-m+fp/hard/libc.a(lib_a-callocr.o)
 .debug_frame   0x00000858       0x20 /usr/local/Cellar/arm-gcc-bin@10/10.3-2021.10_1/arm-none-eabi/lib/thumb/v7e-m+fp/hard/libc.a(lib_a-errno.o)
 .debug_frame   0x00000878       0x70 /usr/local/Cellar/arm-gcc-bin@10/10.3-2021.10_1/arm-none-eabi/lib/thumb/v7e-m+fp/hard/libc.a(lib_a-fiprintf.o)
 .debug_frame   0x000008e8       0x68 /usr/local/Cellar/arm-gcc-bin@10/10.3-2021.10_1/arm-none-eabi/lib/thumb/v7e-m+fp/hard/libc.a(lib_a-locale.o)
 .debug_frame   0x00000950       0xb0 /usr/local/Cellar/arm-gcc-bin@10/10.3-2021.10_1/arm-none-eabi/lib/thumb/v7e-m+fp/hard/libc.a(lib_a-lock.o)
 .debug_frame   0x00000a00       0x4c /usr/local/Cellar/arm-gcc-bin@10/10.3-2021.10_1/arm-none-eabi/lib/thumb/v7e-m+fp/hard/libc.a(lib_a-mbtowc_r.o)
 .debug_frame   0x00000a4c       0x40 /usr/local/Cellar/arm-gcc-bin@10/10.3-2021.10_1/arm-none-eabi/lib/thumb/v7e-m+fp/hard/libc.a(lib_a-memmove.o)
 .debug_frame   0x00000a8c       0x48 /usr/local/Cellar/arm-gcc-bin@10/10.3-2021.10_1/arm-none-eabi/lib/thumb/v7e-m+fp/hard/libc.a(lib_a-reallocr.o)
 .debug_frame   0x00000ad4       0xf4 /usr/local/Cellar/arm-gcc-bin@10/10.3-2021.10_1/arm-none-eabi/lib/thumb/v7e-m+fp/hard/libc.a(lib_a-vfiprintf.o)
 .debug_frame   0x00000bc8       0x3c /usr/local/Cellar/arm-gcc-bin@10/10.3-2021.10_1/arm-none-eabi/lib/thumb/v7e-m+fp/hard/libc.a(lib_a-wctomb_r.o)
 .debug_frame   0x00000c04       0x2c /usr/local/Cellar/arm-gcc-bin@10/10.3-2021.10_1/arm-none-eabi/lib/thumb/v7e-m+fp/hard/libc.a(lib_a-wsetup.o)
 .debug_frame   0x00000c30       0x28 /usr/local/Cellar/arm-gcc-bin@10/10.3-2021.10_1/arm-none-eabi/lib/thumb/v7e-m+fp/hard/libc.a(lib_a-abort.o)
 .debug_frame   0x00000c58       0x70 /usr/local/Cellar/arm-gcc-bin@10/10.3-2021.10_1/arm-none-eabi/lib/thumb/v7e-m+fp/hard/libc.a(lib_a-fflush.o)
 .debug_frame   0x00000cc8      0x154 /usr/local/Cellar/arm-gcc-bin@10/10.3-2021.10_1/arm-none-eabi/lib/thumb/v7e-m+fp/hard/libc.a(lib_a-findfp.o)
 .debug_frame   0x00000e1c       0x8c /usr/local/Cellar/arm-gcc-bin@10/10.3-2021.10_1/arm-none-eabi/lib/thumb/v7e-m+fp/hard/libc.a(lib_a-fputwc.o)
 .debug_frame   0x00000ea8       0x64 /usr/local/Cellar/arm-gcc-bin@10/10.3-2021.10_1/arm-none-eabi/lib/thumb/v7e-m+fp/hard/libc.a(lib_a-fvwrite.o)
 .debug_frame   0x00000f0c       0x54 /usr/local/Cellar/arm-gcc-bin@10/10.3-2021.10_1/arm-none-eabi/lib/thumb/v7e-m+fp/hard/libc.a(lib_a-fwalk.o)
 .debug_frame   0x00000f60       0x70 /usr/local/Cellar/arm-gcc-bin@10/10.3-2021.10_1/arm-none-eabi/lib/thumb/v7e-m+fp/hard/libc.a(lib_a-makebuf.o)
 .debug_frame   0x00000fd0      0x114 /usr/local/Cellar/arm-gcc-bin@10/10.3-2021.10_1/arm-none-eabi/lib/thumb/v7e-m+fp/hard/libc.a(lib_a-signal.o)
 .debug_frame   0x000010e4       0x3c /usr/local/Cellar/arm-gcc-bin@10/10.3-2021.10_1/arm-none-eabi/lib/thumb/v7e-m+fp/hard/libc.a(lib_a-signalr.o)
 .debug_frame   0x00001120       0x8c /usr/local/Cellar/arm-gcc-bin@10/10.3-2021.10_1/arm-none-eabi/lib/thumb/v7e-m+fp/hard/libc.a(lib_a-stdio.o)
 .debug_frame   0x000011ac       0x4c /usr/local/Cellar/arm-gcc-bin@10/10.3-2021.10_1/arm-none-eabi/lib/thumb/v7e-m+fp/hard/libc.a(lib_a-wbuf.o)
 .debug_frame   0x000011f8       0x60 /usr/local/Cellar/arm-gcc-bin@10/10.3-2021.10_1/arm-none-eabi/lib/thumb/v7e-m+fp/hard/libc.a(lib_a-wcrtomb.o)
 .debug_frame   0x00001258       0x2c /usr/local/Cellar/arm-gcc-bin@10/10.3-2021.10_1/arm-none-eabi/lib/thumb/v7e-m+fp/hard/libc.a(lib_a-writer.o)
 .debug_frame   0x00001284       0x2c /usr/local/Cellar/arm-gcc-bin@10/10.3-2021.10_1/arm-none-eabi/lib/thumb/v7e-m+fp/hard/libc.a(lib_a-closer.o)
 .debug_frame   0x000012b0       0x3c /usr/local/Cellar/arm-gcc-bin@10/10.3-2021.10_1/arm-none-eabi/lib/thumb/v7e-m+fp/hard/libc.a(lib_a-fclose.o)
 .debug_frame   0x000012ec       0x2c /usr/local/Cellar/arm-gcc-bin@10/10.3-2021.10_1/arm-none-eabi/lib/thumb/v7e-m+fp/hard/libc.a(lib_a-fstatr.o)
 .debug_frame   0x00001318       0x2c /usr/local/Cellar/arm-gcc-bin@10/10.3-2021.10_1/arm-none-eabi/lib/thumb/v7e-m+fp/hard/libc.a(lib_a-isattyr.o)
 .debug_frame   0x00001344       0x2c /usr/local/Cellar/arm-gcc-bin@10/10.3-2021.10_1/arm-none-eabi/lib/thumb/v7e-m+fp/hard/libc.a(lib_a-lseekr.o)
 .debug_frame   0x00001370       0x2c /usr/local/Cellar/arm-gcc-bin@10/10.3-2021.10_1/arm-none-eabi/lib/thumb/v7e-m+fp/hard/libc.a(lib_a-readr.o)
 .debug_frame   0x0000139c       0xac /usr/local/Cellar/arm-gcc-bin@10/10.3-2021.10_1/lib/gcc/arm-none-eabi/10.3.1/thumb/v7e-m+fp/hard/libgcc.a(_arm_addsubdf3.o)
 .debug_frame   0x00001448       0x50 /usr/local/Cellar/arm-gcc-bin@10/10.3-2021.10_1/lib/gcc/arm-none-eabi/10.3.1/thumb/v7e-m+fp/hard/libgcc.a(_arm_muldivdf3.o)
 .debug_frame   0x00001498       0xc4 /usr/local/Cellar/arm-gcc-bin@10/10.3-2021.10_1/lib/gcc/arm-none-eabi/10.3.1/thumb/v7e-m+fp/hard/libgcc.a(_arm_cmpdf2.o)
 .debug_frame   0x0000155c       0x20 /usr/local/Cellar/arm-gcc-bin@10/10.3-2021.10_1/lib/gcc/arm-none-eabi/10.3.1/thumb/v7e-m+fp/hard/libgcc.a(_arm_unorddf2.o)
 .debug_frame   0x0000157c       0x24 /usr/local/Cellar/arm-gcc-bin@10/10.3-2021.10_1/lib/gcc/arm-none-eabi/10.3.1/thumb/v7e-m+fp/hard/libgcc.a(_arm_fixdfsi.o)
 .debug_frame   0x000015a0       0x2c /usr/local/Cellar/arm-gcc-bin@10/10.3-2021.10_1/lib/gcc/arm-none-eabi/10.3.1/thumb/v7e-m+fp/hard/libgcc.a(_aeabi_uldivmod.o)
 .debug_frame   0x000015cc       0x34 /usr/local/Cellar/arm-gcc-bin@10/10.3-2021.10_1/lib/gcc/arm-none-eabi/10.3.1/thumb/v7e-m+fp/hard/libgcc.a(_udivmoddi4.o)

Cross Reference Table

Symbol                                            File
Default_Handler                                   build/bootloader/startup_stm32f730.o
Reset_Handler                                     build/bootloader/startup_stm32f730.o
SysTick_Handler                                   build/kernel/kernel.o
                                                  build/bootloader/boot.o
TIM6_DAC_IRQHandler                               build/hal/timer.o
USART1_IRQHandler                                 build/hal/uart.o
_Balloc                                           /usr/local/Cellar/arm-gcc-bin@10/10.3-2021.10_1/arm-none-eabi/lib/thumb/v7e-m+fp/hard/libc.a(lib_a-mprec.o)
                                                  /usr/local/Cellar/arm-gcc-bin@10/10.3-2021.10_1/arm-none-eabi/lib/thumb/v7e-m+fp/hard/libc.a(lib_a-dtoa.o)
_Bfree                                            /usr/local/Cellar/arm-gcc-bin@10/10.3-2021.10_1/arm-none-eabi/lib/thumb/v7e-m+fp/hard/libc.a(lib_a-mprec.o)
                                                  /usr/local/Cellar/arm-gcc-bin@10/10.3-2021.10_1/arm-none-eabi/lib/thumb/v7e-m+fp/hard/libc.a(lib_a-dtoa.o)
_PathLocale                                       /usr/local/Cellar/arm-gcc-bin@10/10.3-2021.10_1/arm-none-eabi/lib/thumb/v7e-m+fp/hard/libc.a(lib_a-locale.o)
__adddf3                                          /usr/local/Cellar/arm-gcc-bin@10/10.3-2021.10_1/lib/gcc/arm-none-eabi/10.3.1/thumb/v7e-m+fp/hard/libgcc.a(_arm_addsubdf3.o)
__aeabi_cdcmpeq                                   /usr/local/Cellar/arm-gcc-bin@10/10.3-2021.10_1/lib/gcc/arm-none-eabi/10.3.1/thumb/v7e-m+fp/hard/libgcc.a(_arm_cmpdf2.o)
__aeabi_cdcmple                                   /usr/local/Cellar/arm-gcc-bin@10/10.3-2021.10_1/lib/gcc/arm-none-eabi/10.3.1/thumb/v7e-m+fp/hard/libgcc.a(_arm_cmpdf2.o)
__aeabi_cdrcmple                                  /usr/local/Cellar/arm-gcc-bin@10/10.3-2021.10_1/lib/gcc/arm-none-eabi/10.3.1/thumb/v7e-m+fp/hard/libgcc.a(_arm_cmpdf2.o)
__aeabi_d2iz                                      /usr/local/Cellar/arm-gcc-bin@10/10.3-2021.10_1/lib/gcc/arm-none-eabi/10.3.1/thumb/v7e-m+fp/hard/libgcc.a(_arm_fixdfsi.o)
                                                  /usr/local/Cellar/arm-gcc-bin@10/10.3-2021.10_1/arm-none-eabi/lib/thumb/v7e-m+fp/hard/libc.a(lib_a-dtoa.o)
                                                  /usr/local/Cellar/arm-gcc-bin@10/10.3-2021.10_1/arm-none-eabi/lib/thumb/v7e-m+fp/hard/libc.a(lib_a-svfprintf.o)
__aeabi_dadd                                      /usr/local/Cellar/arm-gcc-bin@10/10.3-2021.10_1/lib/gcc/arm-none-eabi/10.3.1/thumb/v7e-m+fp/hard/libgcc.a(_arm_addsubdf3.o)
                                                  /usr/local/Cellar/arm-gcc-bin@10/10.3-2021.10_1/arm-none-eabi/lib/thumb/v7e-m+fp/hard/libc.a(lib_a-dtoa.o)
__aeabi_dcmpeq                                    /usr/local/Cellar/arm-gcc-bin@10/10.3-2021.10_1/lib/gcc/arm-none-eabi/10.3.1/thumb/v7e-m+fp/hard/libgcc.a(_arm_cmpdf2.o)
                                                  /usr/local/Cellar/arm-gcc-bin@10/10.3-2021.10_1/arm-none-eabi/lib/thumb/v7e-m+fp/hard/libc.a(lib_a-dtoa.o)
                                                  /usr/local/Cellar/arm-gcc-bin@10/10.3-2021.10_1/arm-none-eabi/lib/thumb/v7e-m+fp/hard/libc.a(lib_a-svfprintf.o)
__aeabi_dcmpge                                    /usr/local/Cellar/arm-gcc-bin@10/10.3-2021.10_1/lib/gcc/arm-none-eabi/10.3.1/thumb/v7e-m+fp/hard/libgcc.a(_arm_cmpdf2.o)
__aeabi_dcmpgt                                    /usr/local/Cellar/arm-gcc-bin@10/10.3-2021.10_1/lib/gcc/arm-none-eabi/10.3.1/thumb/v7e-m+fp/hard/libgcc.a(_arm_cmpdf2.o)
                                                  /usr/local/Cellar/arm-gcc-bin@10/10.3-2021.10_1/arm-none-eabi/lib/thumb/v7e-m+fp/hard/libc.a(lib_a-dtoa.o)
                                                  /usr/local/Cellar/arm-gcc-bin@10/10.3-2021.10_1/arm-none-eabi/lib/thumb/v7e-m+fp/hard/libc.a(lib_a-svfprintf.o)
__aeabi_dcmple                                    /usr/local/Cellar/arm-gcc-bin@10/10.3-2021.10_1/lib/gcc/arm-none-eabi/10.3.1/thumb/v7e-m+fp/hard/libgcc.a(_arm_cmpdf2.o)
                                                  /usr/local/Cellar/arm-gcc-bin@10/10.3-2021.10_1/arm-none-eabi/lib/thumb/v7e-m+fp/hard/libc.a(lib_a-dtoa.o)
                                                  /usr/local/Cellar/arm-gcc-bin@10/10.3-2021.10_1/arm-none-eabi/lib/thumb/v7e-m+fp/hard/libc.a(lib_a-svfprintf.o)
__aeabi_dcmplt                                    /usr/local/Cellar/arm-gcc-bin@10/10.3-2021.10_1/lib/gcc/arm-none-eabi/10.3.1/thumb/v7e-m+fp/hard/libgcc.a(_arm_cmpdf2.o)
                                                  /usr/local/Cellar/arm-gcc-bin@10/10.3-2021.10_1/arm-none-eabi/lib/thumb/v7e-m+fp/hard/libc.a(lib_a-dtoa.o)
                                                  /usr/local/Cellar/arm-gcc-bin@10/10.3-2021.10_1/arm-none-eabi/lib/thumb/v7e-m+fp/hard/libc.a(lib_a-svfprintf.o)
__aeabi_dcmpun                                    /usr/local/Cellar/arm-gcc-bin@10/10.3-2021.10_1/lib/gcc/arm-none-eabi/10.3.1/thumb/v7e-m+fp/hard/libgcc.a(_arm_unorddf2.o)
                                                  /usr/local/Cellar/arm-gcc-bin@10/10.3-2021.10_1/arm-none-eabi/lib/thumb/v7e-m+fp/hard/libc.a(lib_a-svfprintf.o)
__aeabi_ddiv                                      /usr/local/Cellar/arm-gcc-bin@10/10.3-2021.10_1/lib/gcc/arm-none-eabi/10.3.1/thumb/v7e-m+fp/hard/libgcc.a(_arm_muldivdf3.o)
                                                  /usr/local/Cellar/arm-gcc-bin@10/10.3-2021.10_1/arm-none-eabi/lib/thumb/v7e-m+fp/hard/libc.a(lib_a-mprec.o)
                                                  /usr/local/Cellar/arm-gcc-bin@10/10.3-2021.10_1/arm-none-eabi/lib/thumb/v7e-m+fp/hard/libc.a(lib_a-dtoa.o)
__aeabi_dmul                                      /usr/local/Cellar/arm-gcc-bin@10/10.3-2021.10_1/lib/gcc/arm-none-eabi/10.3.1/thumb/v7e-m+fp/hard/libgcc.a(_arm_muldivdf3.o)
                                                  /usr/local/Cellar/arm-gcc-bin@10/10.3-2021.10_1/lib/gcc/arm-none-eabi/10.3.1/thumb/v7e-m+fp/hard/libgcc.a(_arm_muldf3.o)
                                                  /usr/local/Cellar/arm-gcc-bin@10/10.3-2021.10_1/arm-none-eabi/lib/thumb/v7e-m+fp/hard/libc.a(lib_a-s_frexp.o)
                                                  /usr/local/Cellar/arm-gcc-bin@10/10.3-2021.10_1/arm-none-eabi/lib/thumb/v7e-m+fp/hard/libc.a(lib_a-mprec.o)
                                                  /usr/local/Cellar/arm-gcc-bin@10/10.3-2021.10_1/arm-none-eabi/lib/thumb/v7e-m+fp/hard/libc.a(lib_a-dtoa.o)
                                                  /usr/local/Cellar/arm-gcc-bin@10/10.3-2021.10_1/arm-none-eabi/lib/thumb/v7e-m+fp/hard/libc.a(lib_a-svfprintf.o)
__aeabi_drsub                                     /usr/local/Cellar/arm-gcc-bin@10/10.3-2021.10_1/lib/gcc/arm-none-eabi/10.3.1/thumb/v7e-m+fp/hard/libgcc.a(_arm_addsubdf3.o)
__aeabi_dsub                                      /usr/local/Cellar/arm-gcc-bin@10/10.3-2021.10_1/lib/gcc/arm-none-eabi/10.3.1/thumb/v7e-m+fp/hard/libgcc.a(_arm_addsubdf3.o)
                                                  /usr/local/Cellar/arm-gcc-bin@10/10.3-2021.10_1/arm-none-eabi/lib/thumb/v7e-m+fp/hard/libc.a(lib_a-dtoa.o)
                                                  /usr/local/Cellar/arm-gcc-bin@10/10.3-2021.10_1/arm-none-eabi/lib/thumb/v7e-m+fp/hard/libc.a(lib_a-svfprintf.o)
__aeabi_f2d                                       /usr/local/Cellar/arm-gcc-bin@10/10.3-2021.10_1/lib/gcc/arm-none-eabi/10.3.1/thumb/v7e-m+fp/hard/libgcc.a(_arm_addsubdf3.o)
__aeabi_i2d                                       /usr/local/Cellar/arm-gcc-bin@10/10.3-2021.10_1/lib/gcc/arm-none-eabi/10.3.1/thumb/v7e-m+fp/hard/libgcc.a(_arm_addsubdf3.o)
                                                  /usr/local/Cellar/arm-gcc-bin@10/10.3-2021.10_1/arm-none-eabi/lib/thumb/v7e-m+fp/hard/libc.a(lib_a-dtoa.o)
                                                  /usr/local/Cellar/arm-gcc-bin@10/10.3-2021.10_1/arm-none-eabi/lib/thumb/v7e-m+fp/hard/libc.a(lib_a-svfprintf.o)
__aeabi_idiv0                                     /usr/local/Cellar/arm-gcc-bin@10/10.3-2021.10_1/lib/gcc/arm-none-eabi/10.3.1/thumb/v7e-m+fp/hard/libgcc.a(_dvmd_tls.o)
__aeabi_l2d                                       /usr/local/Cellar/arm-gcc-bin@10/10.3-2021.10_1/lib/gcc/arm-none-eabi/10.3.1/thumb/v7e-m+fp/hard/libgcc.a(_arm_addsubdf3.o)
__aeabi_ldiv0                                     /usr/local/Cellar/arm-gcc-bin@10/10.3-2021.10_1/lib/gcc/arm-none-eabi/10.3.1/thumb/v7e-m+fp/hard/libgcc.a(_dvmd_tls.o)
                                                  /usr/local/Cellar/arm-gcc-bin@10/10.3-2021.10_1/lib/gcc/arm-none-eabi/10.3.1/thumb/v7e-m+fp/hard/libgcc.a(_aeabi_uldivmod.o)
__aeabi_ui2d                                      /usr/local/Cellar/arm-gcc-bin@10/10.3-2021.10_1/lib/gcc/arm-none-eabi/10.3.1/thumb/v7e-m+fp/hard/libgcc.a(_arm_addsubdf3.o)
                                                  /usr/local/Cellar/arm-gcc-bin@10/10.3-2021.10_1/arm-none-eabi/lib/thumb/v7e-m+fp/hard/libc.a(lib_a-dtoa.o)
__aeabi_ul2d                                      /usr/local/Cellar/arm-gcc-bin@10/10.3-2021.10_1/lib/gcc/arm-none-eabi/10.3.1/thumb/v7e-m+fp/hard/libgcc.a(_arm_addsubdf3.o)
__aeabi_uldivmod                                  /usr/local/Cellar/arm-gcc-bin@10/10.3-2021.10_1/lib/gcc/arm-none-eabi/10.3.1/thumb/v7e-m+fp/hard/libgcc.a(_aeabi_uldivmod.o)
                                                  /usr/local/Cellar/arm-gcc-bin@10/10.3-2021.10_1/arm-none-eabi/lib/thumb/v7e-m+fp/hard/libc.a(lib_a-vfiprintf.o)
                                                  /usr/local/Cellar/arm-gcc-bin@10/10.3-2021.10_1/arm-none-eabi/lib/thumb/v7e-m+fp/hard/libc.a(lib_a-svfiprintf.o)
                                                  /usr/local/Cellar/arm-gcc-bin@10/10.3-2021.10_1/arm-none-eabi/lib/thumb/v7e-m+fp/hard/libc.a(lib_a-svfprintf.o)
__any_on                                          /usr/local/Cellar/arm-gcc-bin@10/10.3-2021.10_1/arm-none-eabi/lib/thumb/v7e-m+fp/hard/libc.a(lib_a-mprec.o)
__ascii_mbtowc                                    /usr/local/Cellar/arm-gcc-bin@10/10.3-2021.10_1/arm-none-eabi/lib/thumb/v7e-m+fp/hard/libc.a(lib_a-mbtowc_r.o)
                                                  /usr/local/Cellar/arm-gcc-bin@10/10.3-2021.10_1/arm-none-eabi/lib/thumb/v7e-m+fp/hard/libc.a(lib_a-locale.o)
__ascii_wctomb                                    /usr/local/Cellar/arm-gcc-bin@10/10.3-2021.10_1/arm-none-eabi/lib/thumb/v7e-m+fp/hard/libc.a(lib_a-wctomb_r.o)
                                                  /usr/local/Cellar/arm-gcc-bin@10/10.3-2021.10_1/arm-none-eabi/lib/thumb/v7e-m+fp/hard/libc.a(lib_a-locale.o)
__assert                                          /usr/local/Cellar/arm-gcc-bin@10/10.3-2021.10_1/arm-none-eabi/lib/thumb/v7e-m+fp/hard/libc.a(lib_a-assert.o)
__assert_func                                     /usr/local/Cellar/arm-gcc-bin@10/10.3-2021.10_1/arm-none-eabi/lib/thumb/v7e-m+fp/hard/libc.a(lib_a-assert.o)
                                                  /usr/local/Cellar/arm-gcc-bin@10/10.3-2021.10_1/arm-none-eabi/lib/thumb/v7e-m+fp/hard/libc.a(lib_a-mprec.o)
                                                  /usr/local/Cellar/arm-gcc-bin@10/10.3-2021.10_1/arm-none-eabi/lib/thumb/v7e-m+fp/hard/libc.a(lib_a-dtoa.o)
__b2d                                             /usr/local/Cellar/arm-gcc-bin@10/10.3-2021.10_1/arm-none-eabi/lib/thumb/v7e-m+fp/hard/libc.a(lib_a-mprec.o)
__cmpdf2                                          /usr/local/Cellar/arm-gcc-bin@10/10.3-2021.10_1/lib/gcc/arm-none-eabi/10.3.1/thumb/v7e-m+fp/hard/libgcc.a(_arm_cmpdf2.o)
__copybits                                        /usr/local/Cellar/arm-gcc-bin@10/10.3-2021.10_1/arm-none-eabi/lib/thumb/v7e-m+fp/hard/libc.a(lib_a-mprec.o)
__d2b                                             /usr/local/Cellar/arm-gcc-bin@10/10.3-2021.10_1/arm-none-eabi/lib/thumb/v7e-m+fp/hard/libc.a(lib_a-mprec.o)
                                                  /usr/local/Cellar/arm-gcc-bin@10/10.3-2021.10_1/arm-none-eabi/lib/thumb/v7e-m+fp/hard/libc.a(lib_a-dtoa.o)
__divdf3                                          /usr/local/Cellar/arm-gcc-bin@10/10.3-2021.10_1/lib/gcc/arm-none-eabi/10.3.1/thumb/v7e-m+fp/hard/libgcc.a(_arm_muldivdf3.o)
__eqdf2                                           /usr/local/Cellar/arm-gcc-bin@10/10.3-2021.10_1/lib/gcc/arm-none-eabi/10.3.1/thumb/v7e-m+fp/hard/libgcc.a(_arm_cmpdf2.o)
__errno                                           /usr/local/Cellar/arm-gcc-bin@10/10.3-2021.10_1/arm-none-eabi/lib/thumb/v7e-m+fp/hard/libc.a(lib_a-errno.o)
                                                  /usr/local/Cellar/arm-gcc-bin@10/10.3-2021.10_1/arm-none-eabi/lib/thumb/v7e-m+fp/hard/libc.a(lib_a-callocr.o)
__extendsfdf2                                     /usr/local/Cellar/arm-gcc-bin@10/10.3-2021.10_1/lib/gcc/arm-none-eabi/10.3.1/thumb/v7e-m+fp/hard/libgcc.a(_arm_addsubdf3.o)
__fixdfsi                                         /usr/local/Cellar/arm-gcc-bin@10/10.3-2021.10_1/lib/gcc/arm-none-eabi/10.3.1/thumb/v7e-m+fp/hard/libgcc.a(_arm_fixdfsi.o)
__floatdidf                                       /usr/local/Cellar/arm-gcc-bin@10/10.3-2021.10_1/lib/gcc/arm-none-eabi/10.3.1/thumb/v7e-m+fp/hard/libgcc.a(_arm_addsubdf3.o)
__floatsidf                                       /usr/local/Cellar/arm-gcc-bin@10/10.3-2021.10_1/lib/gcc/arm-none-eabi/10.3.1/thumb/v7e-m+fp/hard/libgcc.a(_arm_addsubdf3.o)
__floatundidf                                     /usr/local/Cellar/arm-gcc-bin@10/10.3-2021.10_1/lib/gcc/arm-none-eabi/10.3.1/thumb/v7e-m+fp/hard/libgcc.a(_arm_addsubdf3.o)
__floatunsidf                                     /usr/local/Cellar/arm-gcc-bin@10/10.3-2021.10_1/lib/gcc/arm-none-eabi/10.3.1/thumb/v7e-m+fp/hard/libgcc.a(_arm_addsubdf3.o)
__fp_lock_all                                     /usr/local/Cellar/arm-gcc-bin@10/10.3-2021.10_1/arm-none-eabi/lib/thumb/v7e-m+fp/hard/libc.a(lib_a-findfp.o)
__fp_unlock_all                                   /usr/local/Cellar/arm-gcc-bin@10/10.3-2021.10_1/arm-none-eabi/lib/thumb/v7e-m+fp/hard/libc.a(lib_a-findfp.o)
__fputwc                                          /usr/local/Cellar/arm-gcc-bin@10/10.3-2021.10_1/arm-none-eabi/lib/thumb/v7e-m+fp/hard/libc.a(lib_a-fputwc.o)
__gedf2                                           /usr/local/Cellar/arm-gcc-bin@10/10.3-2021.10_1/lib/gcc/arm-none-eabi/10.3.1/thumb/v7e-m+fp/hard/libgcc.a(_arm_cmpdf2.o)
__global_locale                                   /usr/local/Cellar/arm-gcc-bin@10/10.3-2021.10_1/arm-none-eabi/lib/thumb/v7e-m+fp/hard/libc.a(lib_a-locale.o)
                                                  /usr/local/Cellar/arm-gcc-bin@10/10.3-2021.10_1/arm-none-eabi/lib/thumb/v7e-m+fp/hard/libc.a(lib_a-wcrtomb.o)
                                                  /usr/local/Cellar/arm-gcc-bin@10/10.3-2021.10_1/arm-none-eabi/lib/thumb/v7e-m+fp/hard/libc.a(lib_a-wctomb_r.o)
                                                  /usr/local/Cellar/arm-gcc-bin@10/10.3-2021.10_1/arm-none-eabi/lib/thumb/v7e-m+fp/hard/libc.a(lib_a-mbtowc_r.o)
                                                  /usr/local/Cellar/arm-gcc-bin@10/10.3-2021.10_1/arm-none-eabi/lib/thumb/v7e-m+fp/hard/libc.a(lib_a-localeconv.o)
__gtdf2                                           /usr/local/Cellar/arm-gcc-bin@10/10.3-2021.10_1/lib/gcc/arm-none-eabi/10.3.1/thumb/v7e-m+fp/hard/libgcc.a(_arm_cmpdf2.o)
__hi0bits                                         /usr/local/Cellar/arm-gcc-bin@10/10.3-2021.10_1/arm-none-eabi/lib/thumb/v7e-m+fp/hard/libc.a(lib_a-mprec.o)
                                                  /usr/local/Cellar/arm-gcc-bin@10/10.3-2021.10_1/arm-none-eabi/lib/thumb/v7e-m+fp/hard/libc.a(lib_a-dtoa.o)
__i2b                                             /usr/local/Cellar/arm-gcc-bin@10/10.3-2021.10_1/arm-none-eabi/lib/thumb/v7e-m+fp/hard/libc.a(lib_a-mprec.o)
                                                  /usr/local/Cellar/arm-gcc-bin@10/10.3-2021.10_1/arm-none-eabi/lib/thumb/v7e-m+fp/hard/libc.a(lib_a-dtoa.o)
__ledf2                                           /usr/local/Cellar/arm-gcc-bin@10/10.3-2021.10_1/lib/gcc/arm-none-eabi/10.3.1/thumb/v7e-m+fp/hard/libgcc.a(_arm_cmpdf2.o)
__lo0bits                                         /usr/local/Cellar/arm-gcc-bin@10/10.3-2021.10_1/arm-none-eabi/lib/thumb/v7e-m+fp/hard/libc.a(lib_a-mprec.o)
__locale_mb_cur_max                               /usr/local/Cellar/arm-gcc-bin@10/10.3-2021.10_1/arm-none-eabi/lib/thumb/v7e-m+fp/hard/libc.a(lib_a-locale.o)
                                                  /usr/local/Cellar/arm-gcc-bin@10/10.3-2021.10_1/arm-none-eabi/lib/thumb/v7e-m+fp/hard/libc.a(lib_a-fputwc.o)
__localeconv_l                                    /usr/local/Cellar/arm-gcc-bin@10/10.3-2021.10_1/arm-none-eabi/lib/thumb/v7e-m+fp/hard/libc.a(lib_a-localeconv.o)
__lock___arc4random_mutex                         /usr/local/Cellar/arm-gcc-bin@10/10.3-2021.10_1/arm-none-eabi/lib/thumb/v7e-m+fp/hard/libc.a(lib_a-lock.o)
__lock___at_quick_exit_mutex                      /usr/local/Cellar/arm-gcc-bin@10/10.3-2021.10_1/arm-none-eabi/lib/thumb/v7e-m+fp/hard/libc.a(lib_a-lock.o)
__lock___atexit_recursive_mutex                   /usr/local/Cellar/arm-gcc-bin@10/10.3-2021.10_1/arm-none-eabi/lib/thumb/v7e-m+fp/hard/libc.a(lib_a-lock.o)
__lock___dd_hash_mutex                            /usr/local/Cellar/arm-gcc-bin@10/10.3-2021.10_1/arm-none-eabi/lib/thumb/v7e-m+fp/hard/libc.a(lib_a-lock.o)
__lock___env_recursive_mutex                      /usr/local/Cellar/arm-gcc-bin@10/10.3-2021.10_1/arm-none-eabi/lib/thumb/v7e-m+fp/hard/libc.a(lib_a-lock.o)
__lock___malloc_recursive_mutex                   /usr/local/Cellar/arm-gcc-bin@10/10.3-2021.10_1/arm-none-eabi/lib/thumb/v7e-m+fp/hard/libc.a(lib_a-lock.o)
                                                  /usr/local/Cellar/arm-gcc-bin@10/10.3-2021.10_1/arm-none-eabi/lib/thumb/v7e-m+fp/hard/libc.a(lib_a-mlock.o)
__lock___sfp_recursive_mutex                      /usr/local/Cellar/arm-gcc-bin@10/10.3-2021.10_1/arm-none-eabi/lib/thumb/v7e-m+fp/hard/libc.a(lib_a-lock.o)
                                                  /usr/local/Cellar/arm-gcc-bin@10/10.3-2021.10_1/arm-none-eabi/lib/thumb/v7e-m+fp/hard/libc.a(lib_a-findfp.o)
__lock___sinit_recursive_mutex                    /usr/local/Cellar/arm-gcc-bin@10/10.3-2021.10_1/arm-none-eabi/lib/thumb/v7e-m+fp/hard/libc.a(lib_a-lock.o)
                                                  /usr/local/Cellar/arm-gcc-bin@10/10.3-2021.10_1/arm-none-eabi/lib/thumb/v7e-m+fp/hard/libc.a(lib_a-findfp.o)
__lock___tz_mutex                                 /usr/local/Cellar/arm-gcc-bin@10/10.3-2021.10_1/arm-none-eabi/lib/thumb/v7e-m+fp/hard/libc.a(lib_a-lock.o)
__lshift                                          /usr/local/Cellar/arm-gcc-bin@10/10.3-2021.10_1/arm-none-eabi/lib/thumb/v7e-m+fp/hard/libc.a(lib_a-mprec.o)
                                                  /usr/local/Cellar/arm-gcc-bin@10/10.3-2021.10_1/arm-none-eabi/lib/thumb/v7e-m+fp/hard/libc.a(lib_a-dtoa.o)
__ltdf2                                           /usr/local/Cellar/arm-gcc-bin@10/10.3-2021.10_1/lib/gcc/arm-none-eabi/10.3.1/thumb/v7e-m+fp/hard/libgcc.a(_arm_cmpdf2.o)
__malloc_av_                                      /usr/local/Cellar/arm-gcc-bin@10/10.3-2021.10_1/arm-none-eabi/lib/thumb/v7e-m+fp/hard/libc.a(lib_a-mallocr.o)
                                                  /usr/local/Cellar/arm-gcc-bin@10/10.3-2021.10_1/arm-none-eabi/lib/thumb/v7e-m+fp/hard/libc.a(lib_a-reallocr.o)
                                                  /usr/local/Cellar/arm-gcc-bin@10/10.3-2021.10_1/arm-none-eabi/lib/thumb/v7e-m+fp/hard/libc.a(lib_a-freer.o)
__malloc_current_mallinfo                         /usr/local/Cellar/arm-gcc-bin@10/10.3-2021.10_1/arm-none-eabi/lib/thumb/v7e-m+fp/hard/libc.a(lib_a-mallocr.o)
                                                  /usr/local/Cellar/arm-gcc-bin@10/10.3-2021.10_1/arm-none-eabi/lib/thumb/v7e-m+fp/hard/libc.a(lib_a-freer.o)
__malloc_lock                                     /usr/local/Cellar/arm-gcc-bin@10/10.3-2021.10_1/arm-none-eabi/lib/thumb/v7e-m+fp/hard/libc.a(lib_a-mlock.o)
                                                  /usr/local/Cellar/arm-gcc-bin@10/10.3-2021.10_1/arm-none-eabi/lib/thumb/v7e-m+fp/hard/libc.a(lib_a-reallocr.o)
                                                  /usr/local/Cellar/arm-gcc-bin@10/10.3-2021.10_1/arm-none-eabi/lib/thumb/v7e-m+fp/hard/libc.a(lib_a-mallocr.o)
                                                  /usr/local/Cellar/arm-gcc-bin@10/10.3-2021.10_1/arm-none-eabi/lib/thumb/v7e-m+fp/hard/libc.a(lib_a-freer.o)
__malloc_max_sbrked_mem                           /usr/local/Cellar/arm-gcc-bin@10/10.3-2021.10_1/arm-none-eabi/lib/thumb/v7e-m+fp/hard/libc.a(lib_a-mallocr.o)
__malloc_max_total_mem                            /usr/local/Cellar/arm-gcc-bin@10/10.3-2021.10_1/arm-none-eabi/lib/thumb/v7e-m+fp/hard/libc.a(lib_a-mallocr.o)
__malloc_sbrk_base                                /usr/local/Cellar/arm-gcc-bin@10/10.3-2021.10_1/arm-none-eabi/lib/thumb/v7e-m+fp/hard/libc.a(lib_a-mallocr.o)
                                                  /usr/local/Cellar/arm-gcc-bin@10/10.3-2021.10_1/arm-none-eabi/lib/thumb/v7e-m+fp/hard/libc.a(lib_a-freer.o)
__malloc_top_pad                                  /usr/local/Cellar/arm-gcc-bin@10/10.3-2021.10_1/arm-none-eabi/lib/thumb/v7e-m+fp/hard/libc.a(lib_a-mallocr.o)
                                                  /usr/local/Cellar/arm-gcc-bin@10/10.3-2021.10_1/arm-none-eabi/lib/thumb/v7e-m+fp/hard/libc.a(lib_a-freer.o)
__malloc_trim_threshold                           /usr/local/Cellar/arm-gcc-bin@10/10.3-2021.10_1/arm-none-eabi/lib/thumb/v7e-m+fp/hard/libc.a(lib_a-mallocr.o)
                                                  /usr/local/Cellar/arm-gcc-bin@10/10.3-2021.10_1/arm-none-eabi/lib/thumb/v7e-m+fp/hard/libc.a(lib_a-freer.o)
__malloc_unlock                                   /usr/local/Cellar/arm-gcc-bin@10/10.3-2021.10_1/arm-none-eabi/lib/thumb/v7e-m+fp/hard/libc.a(lib_a-mlock.o)
                                                  /usr/local/Cellar/arm-gcc-bin@10/10.3-2021.10_1/arm-none-eabi/lib/thumb/v7e-m+fp/hard/libc.a(lib_a-reallocr.o)
                                                  /usr/local/Cellar/arm-gcc-bin@10/10.3-2021.10_1/arm-none-eabi/lib/thumb/v7e-m+fp/hard/libc.a(lib_a-mallocr.o)
                                                  /usr/local/Cellar/arm-gcc-bin@10/10.3-2021.10_1/arm-none-eabi/lib/thumb/v7e-m+fp/hard/libc.a(lib_a-freer.o)
__mcmp                                            /usr/local/Cellar/arm-gcc-bin@10/10.3-2021.10_1/arm-none-eabi/lib/thumb/v7e-m+fp/hard/libc.a(lib_a-mprec.o)
                                                  /usr/local/Cellar/arm-gcc-bin@10/10.3-2021.10_1/arm-none-eabi/lib/thumb/v7e-m+fp/hard/libc.a(lib_a-dtoa.o)
__mdiff                                           /usr/local/Cellar/arm-gcc-bin@10/10.3-2021.10_1/arm-none-eabi/lib/thumb/v7e-m+fp/hard/libc.a(lib_a-mprec.o)